Archive member included to satisfy reference by file (symbol)

/home/ubuntu/tools/gcc-arm-none-eabi-10-2020-q4-major/bin/../lib/gcc/arm-none-eabi/10.2.1/../../../../arm-none-eabi/lib/thumb/v7-m/nofp/libc_nano.a(lib_a-exit.o)
                              /home/ubuntu/tools/gcc-arm-none-eabi-10-2020-q4-major/bin/../lib/gcc/arm-none-eabi/10.2.1/../../../../arm-none-eabi/lib/thumb/v7-m/nofp/crt0.o (exit)
/home/ubuntu/tools/gcc-arm-none-eabi-10-2020-q4-major/bin/../lib/gcc/arm-none-eabi/10.2.1/../../../../arm-none-eabi/lib/thumb/v7-m/nofp/libc_nano.a(lib_a-impure.o)
                              /home/ubuntu/tools/gcc-arm-none-eabi-10-2020-q4-major/bin/../lib/gcc/arm-none-eabi/10.2.1/../../../../arm-none-eabi/lib/thumb/v7-m/nofp/libc_nano.a(lib_a-exit.o) (_global_impure_ptr)
/home/ubuntu/tools/gcc-arm-none-eabi-10-2020-q4-major/bin/../lib/gcc/arm-none-eabi/10.2.1/../../../../arm-none-eabi/lib/thumb/v7-m/nofp/libc_nano.a(lib_a-init.o)
                              /home/ubuntu/tools/gcc-arm-none-eabi-10-2020-q4-major/bin/../lib/gcc/arm-none-eabi/10.2.1/../../../../arm-none-eabi/lib/thumb/v7-m/nofp/crt0.o (__libc_init_array)
/home/ubuntu/tools/gcc-arm-none-eabi-10-2020-q4-major/bin/../lib/gcc/arm-none-eabi/10.2.1/../../../../arm-none-eabi/lib/thumb/v7-m/nofp/libc_nano.a(lib_a-memset.o)
                              /home/ubuntu/tools/gcc-arm-none-eabi-10-2020-q4-major/bin/../lib/gcc/arm-none-eabi/10.2.1/../../../../arm-none-eabi/lib/thumb/v7-m/nofp/crt0.o (memset)
/home/ubuntu/tools/gcc-arm-none-eabi-10-2020-q4-major/bin/../lib/gcc/arm-none-eabi/10.2.1/../../../../arm-none-eabi/lib/thumb/v7-m/nofp/libc_nano.a(lib_a-printf.o)
                              build/exti.o (printf)
/home/ubuntu/tools/gcc-arm-none-eabi-10-2020-q4-major/bin/../lib/gcc/arm-none-eabi/10.2.1/../../../../arm-none-eabi/lib/thumb/v7-m/nofp/libc_nano.a(lib_a-puts.o)
                              build/a4950.o (puts)
/home/ubuntu/tools/gcc-arm-none-eabi-10-2020-q4-major/bin/../lib/gcc/arm-none-eabi/10.2.1/../../../../arm-none-eabi/lib/thumb/v7-m/nofp/libc_nano.a(lib_a-sprintf.o)
                              build/move.o (sprintf)
/home/ubuntu/tools/gcc-arm-none-eabi-10-2020-q4-major/bin/../lib/gcc/arm-none-eabi/10.2.1/../../../../arm-none-eabi/lib/thumb/v7-m/nofp/libc_nano.a(lib_a-strlen.o)
                              build/move.o (strlen)
/home/ubuntu/tools/gcc-arm-none-eabi-10-2020-q4-major/bin/../lib/gcc/arm-none-eabi/10.2.1/../../../../arm-none-eabi/lib/thumb/v7-m/nofp/libc_nano.a(lib_a-strncpy.o)
                              build/move.o (strncpy)
/home/ubuntu/tools/gcc-arm-none-eabi-10-2020-q4-major/bin/../lib/gcc/arm-none-eabi/10.2.1/../../../../arm-none-eabi/lib/thumb/v7-m/nofp/libc_nano.a(lib_a-wbuf.o)
                              /home/ubuntu/tools/gcc-arm-none-eabi-10-2020-q4-major/bin/../lib/gcc/arm-none-eabi/10.2.1/../../../../arm-none-eabi/lib/thumb/v7-m/nofp/libc_nano.a(lib_a-puts.o) (__swbuf_r)
/home/ubuntu/tools/gcc-arm-none-eabi-10-2020-q4-major/bin/../lib/gcc/arm-none-eabi/10.2.1/../../../../arm-none-eabi/lib/thumb/v7-m/nofp/libc_nano.a(lib_a-wsetup.o)
                              /home/ubuntu/tools/gcc-arm-none-eabi-10-2020-q4-major/bin/../lib/gcc/arm-none-eabi/10.2.1/../../../../arm-none-eabi/lib/thumb/v7-m/nofp/libc_nano.a(lib_a-puts.o) (__swsetup_r)
/home/ubuntu/tools/gcc-arm-none-eabi-10-2020-q4-major/bin/../lib/gcc/arm-none-eabi/10.2.1/../../../../arm-none-eabi/lib/thumb/v7-m/nofp/libc_nano.a(lib_a-fflush.o)
                              /home/ubuntu/tools/gcc-arm-none-eabi-10-2020-q4-major/bin/../lib/gcc/arm-none-eabi/10.2.1/../../../../arm-none-eabi/lib/thumb/v7-m/nofp/libc_nano.a(lib_a-wbuf.o) (_fflush_r)
/home/ubuntu/tools/gcc-arm-none-eabi-10-2020-q4-major/bin/../lib/gcc/arm-none-eabi/10.2.1/../../../../arm-none-eabi/lib/thumb/v7-m/nofp/libc_nano.a(lib_a-findfp.o)
                              /home/ubuntu/tools/gcc-arm-none-eabi-10-2020-q4-major/bin/../lib/gcc/arm-none-eabi/10.2.1/../../../../arm-none-eabi/lib/thumb/v7-m/nofp/libc_nano.a(lib_a-printf.o) (__sinit)
/home/ubuntu/tools/gcc-arm-none-eabi-10-2020-q4-major/bin/../lib/gcc/arm-none-eabi/10.2.1/../../../../arm-none-eabi/lib/thumb/v7-m/nofp/libc_nano.a(lib_a-fwalk.o)
                              /home/ubuntu/tools/gcc-arm-none-eabi-10-2020-q4-major/bin/../lib/gcc/arm-none-eabi/10.2.1/../../../../arm-none-eabi/lib/thumb/v7-m/nofp/libc_nano.a(lib_a-findfp.o) (_fwalk)
/home/ubuntu/tools/gcc-arm-none-eabi-10-2020-q4-major/bin/../lib/gcc/arm-none-eabi/10.2.1/../../../../arm-none-eabi/lib/thumb/v7-m/nofp/libc_nano.a(lib_a-lock.o)
                              /home/ubuntu/tools/gcc-arm-none-eabi-10-2020-q4-major/bin/../lib/gcc/arm-none-eabi/10.2.1/../../../../arm-none-eabi/lib/thumb/v7-m/nofp/libc_nano.a(lib_a-findfp.o) (__retarget_lock_init_recursive)
/home/ubuntu/tools/gcc-arm-none-eabi-10-2020-q4-major/bin/../lib/gcc/arm-none-eabi/10.2.1/../../../../arm-none-eabi/lib/thumb/v7-m/nofp/libc_nano.a(lib_a-makebuf.o)
[...]
Memory Configuration

Name             Origin             Length             Attributes
RAM              0x0000000020000000 0x0000000000010000 xrw
FLASH            0x0000000008000000 0x0000000000080000 xr
*default*        0x0000000000000000 0xffffffffffffffff

Linker script and memory map

LOAD /home/ubuntu/tools/gcc-arm-none-eabi-10-2020-q4-major/bin/../lib/gcc/arm-none-eabi/10.2.1/thumb/v7-m/nofp/crti.o
LOAD /home/ubuntu/tools/gcc-arm-none-eabi-10-2020-q4-major/bin/../lib/gcc/arm-none-eabi/10.2.1/thumb/v7-m/nofp/crtbegin.o
LOAD /home/ubuntu/tools/gcc-arm-none-eabi-10-2020-q4-major/bin/../lib/gcc/arm-none-eabi/10.2.1/../../../../arm-none-eabi/lib/thumb/v7-m/nofp/crt0.o
LOAD build/system_stm32f10x.o
LOAD build/misc.o
LOAD build/stm32f10x_dma.o
LOAD build/stm32f10x_exti.o
LOAD build/stm32f10x_flash.o
LOAD build/stm32f10x_fsmc.o
LOAD build/stm32f10x_gpio.o
LOAD build/stm32f10x_pwr.o
LOAD build/stm32f10x_rcc.o
LOAD build/stm32f10x_tim.o
LOAD build/stm32f10x_usart.o
LOAD build/main.o
LOAD build/stm32f10x_it.o
LOAD build/sys.o
LOAD build/uart.o
LOAD build/a4950.o
LOAD build/delay.o
LOAD build/exti.o
LOAD build/grey.o
LOAD build/inout.o
LOAD build/key.o
LOAD build/lcd.o
LOAD build/led.o
LOAD build/move.o
LOAD build/ov7670.o
LOAD build/sccb.o
LOAD build/timer.o
LOAD build/startup_stm32f103xe.o
LOAD /home/ubuntu/tools/gcc-arm-none-eabi-10-2020-q4-major/bin/../lib/gcc/arm-none-eabi/10.2.1/../../../../arm-none-eabi/lib/thumb/v7-m/nofp/libc_nano.a
LOAD /home/ubuntu/tools/gcc-arm-none-eabi-10-2020-q4-major/bin/../lib/gcc/arm-none-eabi/10.2.1/../../../../arm-none-eabi/lib/thumb/v7-m/nofp/libm.a
LOAD /home/ubuntu/tools/gcc-arm-none-eabi-10-2020-q4-major/bin/../lib/gcc/arm-none-eabi/10.2.1/../../../../arm-none-eabi/lib/thumb/v7-m/nofp/libnosys.a
START GROUP
LOAD /home/ubuntu/tools/gcc-arm-none-eabi-10-2020-q4-major/bin/../lib/gcc/arm-none-eabi/10.2.1/thumb/v7-m/nofp/libgcc.a
LOAD /home/ubuntu/tools/gcc-arm-none-eabi-10-2020-q4-major/bin/../lib/gcc/arm-none-eabi/10.2.1/../../../../arm-none-eabi/lib/thumb/v7-m/nofp/libc_nano.a
END GROUP
START GROUP
LOAD /home/ubuntu/tools/gcc-arm-none-eabi-10-2020-q4-major/bin/../lib/gcc/arm-none-eabi/10.2.1/thumb/v7-m/nofp/libgcc.a
LOAD /home/ubuntu/tools/gcc-arm-none-eabi-10-2020-q4-major/bin/../lib/gcc/arm-none-eabi/10.2.1/../../../../arm-none-eabi/lib/thumb/v7-m/nofp/libc_nano.a
END GROUP
LOAD /home/ubuntu/tools/gcc-arm-none-eabi-10-2020-q4-major/bin/../lib/gcc/arm-none-eabi/10.2.1/thumb/v7-m/nofp/crtend.o
LOAD /home/ubuntu/tools/gcc-arm-none-eabi-10-2020-q4-major/bin/../lib/gcc/arm-none-eabi/10.2.1/thumb/v7-m/nofp/crtn.o
                0x0000000020010000                _estack = 0x20010000
                0x0000000000000200                _Min_Heap_Size = 0x200
                0x0000000000000400                _Min_Stack_Size = 0x400

.isr_vector     0x0000000008000000      0x1e4
                0x0000000008000000                . = ALIGN (0x4)
 *(.isr_vector)
 .isr_vector    0x0000000008000000      0x1e4 build/startup_stm32f103xe.o
                0x0000000008000000                g_pfnVectors
                0x00000000080001e4                . = ALIGN (0x4)

.text           0x00000000080001e4     0x253c
                0x00000000080001e4                . = ALIGN (0x4)
 *(.text)
 .text          0x00000000080001e4       0x40 /home/ubuntu/tools/gcc-arm-none-eabi-10-2020-q4-major/bin/../lib/gcc/arm-none-eabi/10.2.1/thumb/v7-m/nofp/crtbegin.o
 *(.text*)
 .text.SystemInit
                0x0000000008000224       0x68 build/system_stm32f10x.o
                0x0000000008000224                SystemInit
 .text.SetSysClock
                0x000000000800028c        0xc build/system_stm32f10x.o
 .text.SetSysClockTo72
                0x0000000008000298      0x100 build/system_stm32f10x.o
 .text.NVIC_PriorityGroupConfig
                0x0000000008000398       0x24 build/misc.o
                0x0000000008000398                NVIC_PriorityGroupConfig
 .text.NVIC_Init
                0x00000000080003bc       0xc4 build/misc.o
                0x00000000080003bc                NVIC_Init
 .text.SysTick_CLKSourceConfig
                0x0000000008000480       0x38 build/misc.o
                0x0000000008000480                SysTick_CLKSourceConfig
 .text.EXTI_Init
                0x00000000080004b8       0xe4 build/stm32f10x_exti.o
                0x00000000080004b8                EXTI_Init
 .text.EXTI_GetITStatus
                0x000000000800059c       0x48 build/stm32f10x_exti.o
                0x000000000800059c                EXTI_GetITStatus
 .text.EXTI_ClearITPendingBit
                0x00000000080005e4       0x1c build/stm32f10x_exti.o
                0x00000000080005e4                EXTI_ClearITPendingBit
 .text.GPIO_Init
                0x0000000008000600      0x178 build/stm32f10x_gpio.o
                0x0000000008000600                GPIO_Init
 .text.GPIO_SetBits
                0x0000000008000778       0x1c build/stm32f10x_gpio.o
                0x0000000008000778                GPIO_SetBits
 .text.GPIO_ResetBits
                0x0000000008000794       0x1c build/stm32f10x_gpio.o
                0x0000000008000794                GPIO_ResetBits
 .text.GPIO_EXTILineConfig
                0x00000000080007b0       0x80 build/stm32f10x_gpio.o
                0x00000000080007b0                GPIO_EXTILineConfig
 .text.RCC_GetClocksFreq
                0x0000000008000830      0x16c build/stm32f10x_rcc.o
                0x0000000008000830                RCC_GetClocksFreq
 .text.RCC_APB2PeriphClockCmd
                0x000000000800099c       0x3c build/stm32f10x_rcc.o
                0x000000000800099c                RCC_APB2PeriphClockCmd
 .text.TIM_OC1PolarityConfig
                0x00000000080009d8       0x36 build/stm32f10x_tim.o
                0x00000000080009d8                TIM_OC1PolarityConfig
 .text.TIM_SetCounter
                0x0000000008000a0e       0x1c build/stm32f10x_tim.o
                0x0000000008000a0e                TIM_SetCounter
 .text.TIM_GetCapture1
                0x0000000008000a2a       0x18 build/stm32f10x_tim.o
                0x0000000008000a2a                TIM_GetCapture1
 .text.TIM_GetITStatus
                0x0000000008000a42       0x52 build/stm32f10x_tim.o
                0x0000000008000a42                TIM_GetITStatus
 .text.TIM_ClearITPendingBit
                0x0000000008000a94       0x20 build/stm32f10x_tim.o
                0x0000000008000a94                TIM_ClearITPendingBit
 .text.USART_Init
                0x0000000008000ab4      0x174 build/stm32f10x_usart.o
                0x0000000008000ab4                USART_Init
 .text.USART_Cmd
                0x0000000008000c28       0x3e build/stm32f10x_usart.o
                0x0000000008000c28                USART_Cmd
 .text.USART_ITConfig
                0x0000000008000c66       0x8e build/stm32f10x_usart.o
                0x0000000008000c66                USART_ITConfig
 .text.USART_SendData
                0x0000000008000cf4       0x22 build/stm32f10x_usart.o
                0x0000000008000cf4                USART_SendData
 .text.USART_ReceiveData
                0x0000000008000d16       0x1e build/stm32f10x_usart.o
                0x0000000008000d16                USART_ReceiveData
 .text.USART_GetITStatus
                0x0000000008000d34       0xb4 build/stm32f10x_usart.o
                0x0000000008000d34                USART_GetITStatus
 .text.main     0x0000000008000de8       0x50 build/main.o
                0x0000000008000de8                main
 .text.JTAG_Set
                0x0000000008000e38       0x4c build/main.o
                0x0000000008000e38                JTAG_Set
 .text.NMI_Handler
                0x0000000008000e84        0xc build/stm32f10x_it.o
                0x0000000008000e84                NMI_Handler
 .text.HardFault_Handler
                0x0000000008000e90        0x6 build/stm32f10x_it.o
                0x0000000008000e90                HardFault_Handler
 .text.MemManage_Handler
                0x0000000008000e96        0x6 build/stm32f10x_it.o
                0x0000000008000e96                MemManage_Handler
 .text.BusFault_Handler
                0x0000000008000e9c        0x6 build/stm32f10x_it.o
                0x0000000008000e9c                BusFault_Handler
 .text.TIM4_IRQHandler
                0x0000000008000ea2        0xc build/stm32f10x_it.o
                0x0000000008000ea2                TIM4_IRQHandler
 .text.UsageFault_Handler
                0x0000000008000eae        0x6 build/stm32f10x_it.o
                0x0000000008000eae                UsageFault_Handler
 .text.DebugMon_Handler
                0x0000000008000eb4        0xc build/stm32f10x_it.o
                0x0000000008000eb4                DebugMon_Handler
 .text.NVIC_Configuration
                0x0000000008000ec0       0x10 build/sys.o
                0x0000000008000ec0                NVIC_Configuration
 .text._write   0x0000000008000ed0       0x50 build/uart.o
                0x0000000008000ed0                _write
 .text.uart1_init
                0x0000000008000f20       0xa4 build/uart.o
                0x0000000008000f20                uart1_init
 .text.USART1_IRQHandler
                0x0000000008000fc4       0x38 build/uart.o
                0x0000000008000fc4                USART1_IRQHandler
 .text.USART2_IRQHandler
                0x0000000008000ffc       0x38 build/uart.o
                0x0000000008000ffc                USART2_IRQHandler
 .text.USART3_IRQHandler
                0x0000000008001034       0x38 build/uart.o
                0x0000000008001034                USART3_IRQHandler
 .text.delay_init
                0x000000000800106c       0x4c build/delay.o
                0x000000000800106c                delay_init
 .text.delay_ms
                0x00000000080010b8       0x6c build/delay.o
                0x00000000080010b8                delay_ms
 .text.delay_lms
                0x0000000008001124       0x78 build/delay.o
                0x0000000008001124                delay_lms
 .text.EXTI0_IRQHandler
                0x000000000800119c       0x14 build/exti.o
                0x000000000800119c                EXTI0_IRQHandler
 .text.EXTI2_IRQHandler
                0x00000000080011b0       0x14 build/exti.o
                0x00000000080011b0                EXTI2_IRQHandler
 .text.EXTI3_IRQHandler
                0x00000000080011c4       0x28 build/exti.o
                0x00000000080011c4                EXTI3_IRQHandler
 .text.EXTI3_Init
                0x00000000080011ec       0x48 build/exti.o
                0x00000000080011ec                EXTI3_Init
 .text.EXTI4_IRQHandler
                0x0000000008001234       0x28 build/exti.o
                0x0000000008001234                EXTI4_IRQHandler
 .text.EXTI4_Init
                0x000000000800125c       0x48 build/exti.o
                0x000000000800125c                EXTI4_Init
 .text.EXTI15_10_IRQHandler
                0x00000000080012a4       0x6c build/exti.o
                0x00000000080012a4                EXTI15_10_IRQHandler
 .text.pinMode  0x0000000008001310       0x30 build/inout.o
                0x0000000008001310                pinMode
 .text.digitalWrite
                0x0000000008001340       0x24 build/inout.o
                0x0000000008001340                digitalWrite
 .text.KEY0_init
                0x0000000008001364       0x30 build/key.o
                0x0000000008001364                KEY0_init
 .text.KEY1_init
                0x0000000008001394       0x30 build/key.o
                0x0000000008001394                KEY1_init
 .text.keys_init
                0x00000000080013c4       0x32 build/key.o
                0x00000000080013c4                keys_init
 *fill*         0x00000000080013f6        0x2 
 .text.LED_Init
                0x00000000080013f8       0x44 build/led.o
                0x00000000080013f8                LED_Init
 .text.leds_init
                0x000000000800143c       0x80 build/led.o
                0x000000000800143c                leds_init
 .text.led_set_status
                0x00000000080014bc       0x60 build/led.o
                0x00000000080014bc                led_set_status
 .text.TIM3_IRQHandler
                0x000000000800151c       0x24 build/timer.o
                0x000000000800151c                TIM3_IRQHandler
 .text.TIM5_IRQHandler
                0x0000000008001540       0xdc build/timer.o
                0x0000000008001540                TIM5_IRQHandler
 .text.TIM6_IRQHandler
                0x000000000800161c       0x3c build/timer.o
                0x000000000800161c                TIM6_IRQHandler
 .text.Reset_Handler
                0x0000000008001658       0x48 build/startup_stm32f103xe.o
                0x0000000008001658                Reset_Handler
 .text.Default_Handler
                0x00000000080016a0        0x2 build/startup_stm32f103xe.o
                0x00000000080016a0                RTC_Alarm_IRQHandler
                0x00000000080016a0                TIM8_TRG_COM_IRQHandler
                0x00000000080016a0                TIM8_CC_IRQHandler
                0x00000000080016a0                TIM1_CC_IRQHandler
                0x00000000080016a0                SysTick_Handler
                0x00000000080016a0                PVD_IRQHandler
                0x00000000080016a0                SDIO_IRQHandler
                0x00000000080016a0                PendSV_Handler
                0x00000000080016a0                I2C2_EV_IRQHandler
                0x00000000080016a0                ADC1_2_IRQHandler
                0x00000000080016a0                SPI1_IRQHandler
                0x00000000080016a0                TAMPER_IRQHandler
                0x00000000080016a0                TIM8_UP_IRQHandler
                0x00000000080016a0                DMA2_Channel2_IRQHandler
                0x00000000080016a0                DMA1_Channel4_IRQHandler
                0x00000000080016a0                RTC_IRQHandler
                0x00000000080016a0                DMA1_Channel7_IRQHandler
                0x00000000080016a0                CAN1_RX1_IRQHandler
                0x00000000080016a0                UART5_IRQHandler
                0x00000000080016a0                ADC3_IRQHandler
                0x00000000080016a0                DMA2_Channel1_IRQHandler
                0x00000000080016a0                I2C1_EV_IRQHandler
                0x00000000080016a0                DMA1_Channel6_IRQHandler
                0x00000000080016a0                UART4_IRQHandler
                0x00000000080016a0                RCC_IRQHandler
                0x00000000080016a0                TIM1_TRG_COM_IRQHandler
                0x00000000080016a0                DMA1_Channel1_IRQHandler
                0x00000000080016a0                Default_Handler
                0x00000000080016a0                TIM7_IRQHandler
                0x00000000080016a0                EXTI9_5_IRQHandler
                0x00000000080016a0                SPI2_IRQHandler
                0x00000000080016a0                SVC_Handler
                0x00000000080016a0                DMA1_Channel5_IRQHandler
                0x00000000080016a0                USB_LP_CAN1_RX0_IRQHandler
                0x00000000080016a0                USB_HP_CAN1_TX_IRQHandler
                0x00000000080016a0                DMA1_Channel3_IRQHandler
                0x00000000080016a0                FSMC_IRQHandler
                0x00000000080016a0                TIM1_UP_IRQHandler
                0x00000000080016a0                WWDG_IRQHandler
                0x00000000080016a0                TIM2_IRQHandler
                0x00000000080016a0                TIM1_BRK_IRQHandler
                0x00000000080016a0                EXTI1_IRQHandler
                0x00000000080016a0                DMA2_Channel4_5_IRQHandler
                0x00000000080016a0                I2C2_ER_IRQHandler
                0x00000000080016a0                DMA1_Channel2_IRQHandler
                0x00000000080016a0                TIM8_BRK_IRQHandler
                0x00000000080016a0                CAN1_SCE_IRQHandler
                0x00000000080016a0                FLASH_IRQHandler
                0x00000000080016a0                SPI3_IRQHandler
                0x00000000080016a0                I2C1_ER_IRQHandler
                0x00000000080016a0                USBWakeUp_IRQHandler
                0x00000000080016a0                DMA2_Channel3_IRQHandler
 *fill*         0x00000000080016a2        0x2 
 .text.__libc_init_array
                0x00000000080016a4       0x48 /home/ubuntu/tools/gcc-arm-none-eabi-10-2020-q4-major/bin/../lib/gcc/arm-none-eabi/10.2.1/../../../../arm-none-eabi/lib/thumb/v7-m/nofp/libc_nano.a(lib_a-init.o)
                0x00000000080016a4                __libc_init_array
 .text.memset   0x00000000080016ec       0x10 /home/ubuntu/tools/gcc-arm-none-eabi-10-2020-q4-major/bin/../lib/gcc/arm-none-eabi/10.2.1/../../../../arm-none-eabi/lib/thumb/v7-m/nofp/libc_nano.a(lib_a-memset.o)
                0x00000000080016ec                memset
 .text.printf   0x00000000080016fc       0x30 /home/ubuntu/tools/gcc-arm-none-eabi-10-2020-q4-major/bin/../lib/gcc/arm-none-eabi/10.2.1/../../../../arm-none-eabi/lib/thumb/v7-m/nofp/libc_nano.a(lib_a-printf.o)
                0x00000000080016fc                printf
                0x00000000080016fc                iprintf
 .text._puts_r  0x000000000800172c       0xdc /home/ubuntu/tools/gcc-arm-none-eabi-10-2020-q4-major/bin/../lib/gcc/arm-none-eabi/10.2.1/../../../../arm-none-eabi/lib/thumb/v7-m/nofp/libc_nano.a(lib_a-puts.o)
                0x000000000800172c                _puts_r
 .text.puts     0x0000000008001808       0x10 /home/ubuntu/tools/gcc-arm-none-eabi-10-2020-q4-major/bin/../lib/gcc/arm-none-eabi/10.2.1/../../../../arm-none-eabi/lib/thumb/v7-m/nofp/libc_nano.a(lib_a-puts.o)
                0x0000000008001808                puts
 .text.__swbuf_r
                0x0000000008001818       0xa4 /home/ubuntu/tools/gcc-arm-none-eabi-10-2020-q4-major/bin/../lib/gcc/arm-none-eabi/10.2.1/../../../../arm-none-eabi/lib/thumb/v7-m/nofp/libc_nano.a(lib_a-wbuf.o)
                0x0000000008001818                __swbuf_r
 .text.__swsetup_r
                0x00000000080018bc       0xdc /home/ubuntu/tools/gcc-arm-none-eabi-10-2020-q4-major/bin/../lib/gcc/arm-none-eabi/10.2.1/../../../../arm-none-eabi/lib/thumb/v7-m/nofp/libc_nano.a(lib_a-wsetup.o)
                0x00000000080018bc                __swsetup_r
 .text.__sflush_r
                0x0000000008001998      0x104 /home/ubuntu/tools/gcc-arm-none-eabi-10-2020-q4-major/bin/../lib/gcc/arm-none-eabi/10.2.1/../../../../arm-none-eabi/lib/thumb/v7-m/nofp/libc_nano.a(lib_a-fflush.o)
                0x0000000008001998                __sflush_r
 .text._fflush_r
                0x0000000008001a9c       0x78 /home/ubuntu/tools/gcc-arm-none-eabi-10-2020-q4-major/bin/../lib/gcc/arm-none-eabi/10.2.1/../../../../arm-none-eabi/lib/thumb/v7-m/nofp/libc_nano.a(lib_a-fflush.o)
                0x0000000008001a9c                _fflush_r
 .text.std      0x0000000008001b14       0x48 /home/ubuntu/tools/gcc-arm-none-eabi-10-2020-q4-major/bin/../lib/gcc/arm-none-eabi/10.2.1/../../../../arm-none-eabi/lib/thumb/v7-m/nofp/libc_nano.a(lib_a-findfp.o)
 .text._cleanup_r
                0x0000000008001b5c        0xc /home/ubuntu/tools/gcc-arm-none-eabi-10-2020-q4-major/bin/../lib/gcc/arm-none-eabi/10.2.1/../../../../arm-none-eabi/lib/thumb/v7-m/nofp/libc_nano.a(lib_a-findfp.o)
                0x0000000008001b5c                _cleanup_r
 .text.__sfmoreglue
                0x0000000008001b68       0x2c /home/ubuntu/tools/gcc-arm-none-eabi-10-2020-q4-major/bin/../lib/gcc/arm-none-eabi/10.2.1/../../../../arm-none-eabi/lib/thumb/v7-m/nofp/libc_nano.a(lib_a-findfp.o)
                0x0000000008001b68                __sfmoreglue
 .text.__sfp_lock_acquire
                0x0000000008001b94        0xc /home/ubuntu/tools/gcc-arm-none-eabi-10-2020-q4-major/bin/../lib/gcc/arm-none-eabi/10.2.1/../../../../arm-none-eabi/lib/thumb/v7-m/nofp/libc_nano.a(lib_a-findfp.o)
                0x0000000008001b94                __sfp_lock_acquire
 .text.__sfp_lock_release
                0x0000000008001ba0        0xc /home/ubuntu/tools/gcc-arm-none-eabi-10-2020-q4-major/bin/../lib/gcc/arm-none-eabi/10.2.1/../../../../arm-none-eabi/lib/thumb/v7-m/nofp/libc_nano.a(lib_a-findfp.o)
                0x0000000008001ba0                __sfp_lock_release
 .text.__sinit_lock_acquire
                0x0000000008001bac        0xc /home/ubuntu/tools/gcc-arm-none-eabi-10-2020-q4-major/bin/../lib/gcc/arm-none-eabi/10.2.1/../../../../arm-none-eabi/lib/thumb/v7-m/nofp/libc_nano.a(lib_a-findfp.o)
                0x0000000008001bac                __sinit_lock_acquire
 .text.__sinit_lock_release
                0x0000000008001bb8        0xc /home/ubuntu/tools/gcc-arm-none-eabi-10-2020-q4-major/bin/../lib/gcc/arm-none-eabi/10.2.1/../../../../arm-none-eabi/lib/thumb/v7-m/nofp/libc_nano.a(lib_a-findfp.o)
                0x0000000008001bb8                __sinit_lock_release
 .text.__sinit  0x0000000008001bc4       0x70 /home/ubuntu/tools/gcc-arm-none-eabi-10-2020-q4-major/bin/../lib/gcc/arm-none-eabi/10.2.1/../../../../arm-none-eabi/lib/thumb/v7-m/nofp/libc_nano.a(lib_a-findfp.o)
                0x0000000008001bc4                __sinit
 .text.__sfp    0x0000000008001c34       0x8c /home/ubuntu/tools/gcc-arm-none-eabi-10-2020-q4-major/bin/../lib/gcc/arm-none-eabi/10.2.1/../../../../arm-none-eabi/lib/thumb/v7-m/nofp/libc_nano.a(lib_a-findfp.o)
                0x0000000008001c34                __sfp
 .text._fwalk_reent
                0x0000000008001cc0       0x3e /home/ubuntu/tools/gcc-arm-none-eabi-10-2020-q4-major/bin/../lib/gcc/arm-none-eabi/10.2.1/../../../../arm-none-eabi/lib/thumb/v7-m/nofp/libc_nano.a(lib_a-fwalk.o)
                0x0000000008001cc0                _fwalk_reent
 .text.__retarget_lock_init_recursive
                0x0000000008001cfe        0x2 /home/ubuntu/tools/gcc-arm-none-eabi-10-2020-q4-major/bin/../lib/gcc/arm-none-eabi/10.2.1/../../../../arm-none-eabi/lib/thumb/v7-m/nofp/libc_nano.a(lib_a-lock.o)
                0x0000000008001cfe                __retarget_lock_init_recursive
 .text.__retarget_lock_acquire_recursive
                0x0000000008001d00        0x2 /home/ubuntu/tools/gcc-arm-none-eabi-10-2020-q4-major/bin/../lib/gcc/arm-none-eabi/10.2.1/../../../../arm-none-eabi/lib/thumb/v7-m/nofp/libc_nano.a(lib_a-lock.o)
                0x0000000008001d00                __retarget_lock_acquire_recursive
 .text.__retarget_lock_release_recursive
                0x0000000008001d02        0x2 /home/ubuntu/tools/gcc-arm-none-eabi-10-2020-q4-major/bin/../lib/gcc/arm-none-eabi/10.2.1/../../../../arm-none-eabi/lib/thumb/v7-m/nofp/libc_nano.a(lib_a-lock.o)
                0x0000000008001d02                __retarget_lock_release_recursive
 .text.__swhatbuf_r
                0x0000000008001d04       0x4a /home/ubuntu/tools/gcc-arm-none-eabi-10-2020-q4-major/bin/../lib/gcc/arm-none-eabi/10.2.1/../../../../arm-none-eabi/lib/thumb/v7-m/nofp/libc_nano.a(lib_a-makebuf.o)
                0x0000000008001d04                __swhatbuf_r
 *fill*         0x0000000008001d4e        0x2 
 .text.__smakebuf_r
                0x0000000008001d50       0x80 /home/ubuntu/tools/gcc-arm-none-eabi-10-2020-q4-major/bin/../lib/gcc/arm-none-eabi/10.2.1/../../../../arm-none-eabi/lib/thumb/v7-m/nofp/libc_nano.a(lib_a-makebuf.o)
                0x0000000008001d50                __smakebuf_r
 .text._free_r  0x0000000008001dd0       0x90 /home/ubuntu/tools/gcc-arm-none-eabi-10-2020-q4-major/bin/../lib/gcc/arm-none-eabi/10.2.1/../../../../arm-none-eabi/lib/thumb/v7-m/nofp/libc_nano.a(lib_a-nano-freer.o)
                0x0000000008001dd0                _free_r
 .text._malloc_r
                0x0000000008001e60       0xb4 /home/ubuntu/tools/gcc-arm-none-eabi-10-2020-q4-major/bin/../lib/gcc/arm-none-eabi/10.2.1/../../../../arm-none-eabi/lib/thumb/v7-m/nofp/libc_nano.a(lib_a-nano-mallocr.o)
                0x0000000008001e60                _malloc_r
 .text.__sfputc_r
                0x0000000008001f14       0x2a /home/ubuntu/tools/gcc-arm-none-eabi-10-2020-q4-major/bin/../lib/gcc/arm-none-eabi/10.2.1/../../../../arm-none-eabi/lib/thumb/v7-m/nofp/libc_nano.a(lib_a-nano-vfprintf.o)
 .text.__sfputs_r
                0x0000000008001f3e       0x24 /home/ubuntu/tools/gcc-arm-none-eabi-10-2020-q4-major/bin/../lib/gcc/arm-none-eabi/10.2.1/../../../../arm-none-eabi/lib/thumb/v7-m/nofp/libc_nano.a(lib_a-nano-vfprintf.o)
                0x0000000008001f3e                __sfputs_r
 *fill*         0x0000000008001f62        0x2 
 .text._vfprintf_r
                0x0000000008001f64      0x260 /home/ubuntu/tools/gcc-arm-none-eabi-10-2020-q4-major/bin/../lib/gcc/arm-none-eabi/10.2.1/../../../../arm-none-eabi/lib/thumb/v7-m/nofp/libc_nano.a(lib_a-nano-vfprintf.o)
                0x0000000008001f64                _vfiprintf_r
                0x0000000008001f64                _vfprintf_r
 .text._printf_common
                0x00000000080021c4       0xde /home/ubuntu/tools/gcc-arm-none-eabi-10-2020-q4-major/bin/../lib/gcc/arm-none-eabi/10.2.1/../../../../arm-none-eabi/lib/thumb/v7-m/nofp/libc_nano.a(lib_a-nano-vfprintf_i.o)
                0x00000000080021c4                _printf_common
 *fill*         0x00000000080022a2        0x2 
 .text._printf_i
                0x00000000080022a4      0x24c /home/ubuntu/tools/gcc-arm-none-eabi-10-2020-q4-major/bin/../lib/gcc/arm-none-eabi/10.2.1/../../../../arm-none-eabi/lib/thumb/v7-m/nofp/libc_nano.a(lib_a-nano-vfprintf_i.o)
                0x00000000080022a4                _printf_i
 .text._sbrk_r  0x00000000080024f0       0x20 /home/ubuntu/tools/gcc-arm-none-eabi-10-2020-q4-major/bin/../lib/gcc/arm-none-eabi/10.2.1/../../../../arm-none-eabi/lib/thumb/v7-m/nofp/libc_nano.a(lib_a-sbrkr.o)
                0x00000000080024f0                _sbrk_r
 .text.__sread  0x0000000008002510       0x22 /home/ubuntu/tools/gcc-arm-none-eabi-10-2020-q4-major/bin/../lib/gcc/arm-none-eabi/10.2.1/../../../../arm-none-eabi/lib/thumb/v7-m/nofp/libc_nano.a(lib_a-stdio.o)
                0x0000000008002510                __sread
 .text.__swrite
                0x0000000008002532       0x38 /home/ubuntu/tools/gcc-arm-none-eabi-10-2020-q4-major/bin/../lib/gcc/arm-none-eabi/10.2.1/../../../../arm-none-eabi/lib/thumb/v7-m/nofp/libc_nano.a(lib_a-stdio.o)
                0x0000000008002532                __swrite
 .text.__sseek  0x000000000800256a       0x24 /home/ubuntu/tools/gcc-arm-none-eabi-10-2020-q4-major/bin/../lib/gcc/arm-none-eabi/10.2.1/../../../../arm-none-eabi/lib/thumb/v7-m/nofp/libc_nano.a(lib_a-stdio.o)
                0x000000000800256a                __sseek
 .text.__sclose
                0x000000000800258e        0x8 /home/ubuntu/tools/gcc-arm-none-eabi-10-2020-q4-major/bin/../lib/gcc/arm-none-eabi/10.2.1/../../../../arm-none-eabi/lib/thumb/v7-m/nofp/libc_nano.a(lib_a-stdio.o)
                0x000000000800258e                __sclose
 *fill*         0x0000000008002596        0x2 
 .text._write_r
                0x0000000008002598       0x24 /home/ubuntu/tools/gcc-arm-none-eabi-10-2020-q4-major/bin/../lib/gcc/arm-none-eabi/10.2.1/../../../../arm-none-eabi/lib/thumb/v7-m/nofp/libc_nano.a(lib_a-writer.o)
                0x0000000008002598                _write_r
 .text._close_r
                0x00000000080025bc       0x20 /home/ubuntu/tools/gcc-arm-none-eabi-10-2020-q4-major/bin/../lib/gcc/arm-none-eabi/10.2.1/../../../../arm-none-eabi/lib/thumb/v7-m/nofp/libc_nano.a(lib_a-closer.o)
                0x00000000080025bc                _close_r
 .text._fstat_r
                0x00000000080025dc       0x24 /home/ubuntu/tools/gcc-arm-none-eabi-10-2020-q4-major/bin/../lib/gcc/arm-none-eabi/10.2.1/../../../../arm-none-eabi/lib/thumb/v7-m/nofp/libc_nano.a(lib_a-fstatr.o)
                0x00000000080025dc                _fstat_r
 .text._isatty_r
                0x0000000008002600       0x20 /home/ubuntu/tools/gcc-arm-none-eabi-10-2020-q4-major/bin/../lib/gcc/arm-none-eabi/10.2.1/../../../../arm-none-eabi/lib/thumb/v7-m/nofp/libc_nano.a(lib_a-isattyr.o)
                0x0000000008002600                _isatty_r
 .text._lseek_r
                0x0000000008002620       0x24 /home/ubuntu/tools/gcc-arm-none-eabi-10-2020-q4-major/bin/../lib/gcc/arm-none-eabi/10.2.1/../../../../arm-none-eabi/lib/thumb/v7-m/nofp/libc_nano.a(lib_a-lseekr.o)
                0x0000000008002620                _lseek_r
 .text.memchr   0x0000000008002644       0x1c /home/ubuntu/tools/gcc-arm-none-eabi-10-2020-q4-major/bin/../lib/gcc/arm-none-eabi/10.2.1/../../../../arm-none-eabi/lib/thumb/v7-m/nofp/libc_nano.a(lib_a-memchr-stub.o)
                0x0000000008002644                memchr
 .text.__malloc_lock
                0x0000000008002660        0xc /home/ubuntu/tools/gcc-arm-none-eabi-10-2020-q4-major/bin/../lib/gcc/arm-none-eabi/10.2.1/../../../../arm-none-eabi/lib/thumb/v7-m/nofp/libc_nano.a(lib_a-mlock.o)
                0x0000000008002660                __malloc_lock
 .text.__malloc_unlock
                0x000000000800266c        0xc /home/ubuntu/tools/gcc-arm-none-eabi-10-2020-q4-major/bin/../lib/gcc/arm-none-eabi/10.2.1/../../../../arm-none-eabi/lib/thumb/v7-m/nofp/libc_nano.a(lib_a-mlock.o)
                0x000000000800266c                __malloc_unlock
 .text._read_r  0x0000000008002678       0x24 /home/ubuntu/tools/gcc-arm-none-eabi-10-2020-q4-major/bin/../lib/gcc/arm-none-eabi/10.2.1/../../../../arm-none-eabi/lib/thumb/v7-m/nofp/libc_nano.a(lib_a-readr.o)
                0x0000000008002678                _read_r
 .text._close   0x000000000800269c       0x10 /home/ubuntu/tools/gcc-arm-none-eabi-10-2020-q4-major/bin/../lib/gcc/arm-none-eabi/10.2.1/../../../../arm-none-eabi/lib/thumb/v7-m/nofp/libnosys.a(close.o)
                0x000000000800269c                _close
 .text._fstat   0x00000000080026ac       0x10 /home/ubuntu/tools/gcc-arm-none-eabi-10-2020-q4-major/bin/../lib/gcc/arm-none-eabi/10.2.1/../../../../arm-none-eabi/lib/thumb/v7-m/nofp/libnosys.a(fstat.o)
                0x00000000080026ac                _fstat
 .text._isatty  0x00000000080026bc       0x10 /home/ubuntu/tools/gcc-arm-none-eabi-10-2020-q4-major/bin/../lib/gcc/arm-none-eabi/10.2.1/../../../../arm-none-eabi/lib/thumb/v7-m/nofp/libnosys.a(isatty.o)
                0x00000000080026bc                _isatty
 .text._lseek   0x00000000080026cc       0x10 /home/ubuntu/tools/gcc-arm-none-eabi-10-2020-q4-major/bin/../lib/gcc/arm-none-eabi/10.2.1/../../../../arm-none-eabi/lib/thumb/v7-m/nofp/libnosys.a(lseek.o)
                0x00000000080026cc                _lseek
 .text._read    0x00000000080026dc       0x10 /home/ubuntu/tools/gcc-arm-none-eabi-10-2020-q4-major/bin/../lib/gcc/arm-none-eabi/10.2.1/../../../../arm-none-eabi/lib/thumb/v7-m/nofp/libnosys.a(read.o)
                0x00000000080026dc                _read
 .text._sbrk    0x00000000080026ec       0x1c /home/ubuntu/tools/gcc-arm-none-eabi-10-2020-q4-major/bin/../lib/gcc/arm-none-eabi/10.2.1/../../../../arm-none-eabi/lib/thumb/v7-m/nofp/libnosys.a(sbrk.o)
                0x00000000080026ec                _sbrk
 *(.glue_7)
 .glue_7        0x0000000008002708        0x0 linker stubs
 *(.glue_7t)
 .glue_7t       0x0000000008002708        0x0 linker stubs
 *(.eh_frame)
 .eh_frame      0x0000000008002708        0x0 /home/ubuntu/tools/gcc-arm-none-eabi-10-2020-q4-major/bin/../lib/gcc/arm-none-eabi/10.2.1/thumb/v7-m/nofp/crtbegin.o
 *(.init)
 .init          0x0000000008002708        0x4 /home/ubuntu/tools/gcc-arm-none-eabi-10-2020-q4-major/bin/../lib/gcc/arm-none-eabi/10.2.1/thumb/v7-m/nofp/crti.o
                0x0000000008002708                _init
 .init          0x000000000800270c        0x8 /home/ubuntu/tools/gcc-arm-none-eabi-10-2020-q4-major/bin/../lib/gcc/arm-none-eabi/10.2.1/thumb/v7-m/nofp/crtn.o
 *(.fini)
 .fini          0x0000000008002714        0x4 /home/ubuntu/tools/gcc-arm-none-eabi-10-2020-q4-major/bin/../lib/gcc/arm-none-eabi/10.2.1/thumb/v7-m/nofp/crti.o
                0x0000000008002714                _fini
 .fini          0x0000000008002718        0x8 /home/ubuntu/tools/gcc-arm-none-eabi-10-2020-q4-major/bin/../lib/gcc/arm-none-eabi/10.2.1/thumb/v7-m/nofp/crtn.o
                0x0000000008002720                . = ALIGN (0x4)
                0x0000000008002720                _etext = .

.vfp11_veneer   0x0000000008002720        0x0
 .vfp11_veneer  0x0000000008002720        0x0 linker stubs

.v4_bx          0x0000000008002720        0x0
 .v4_bx         0x0000000008002720        0x0 linker stubs

.iplt           0x0000000008002720        0x0
 .iplt          0x0000000008002720        0x0 /home/ubuntu/tools/gcc-arm-none-eabi-10-2020-q4-major/bin/../lib/gcc/arm-none-eabi/10.2.1/thumb/v7-m/nofp/crtbegin.o

.rodata         0x0000000008002720       0xf0
                0x0000000008002720                . = ALIGN (0x4)
 *(.rodata)
 .rodata        0x0000000008002720       0x34 build/exti.o
 .rodata        0x0000000008002754       0x13 build/led.o
 *fill*         0x0000000008002767        0x1 
 .rodata        0x0000000008002768        0xe build/timer.o
 *(.rodata*)
 *fill*         0x0000000008002776        0x2 
 .rodata._global_impure_ptr
                0x0000000008002778        0x4 /home/ubuntu/tools/gcc-arm-none-eabi-10-2020-q4-major/bin/../lib/gcc/arm-none-eabi/10.2.1/../../../../arm-none-eabi/lib/thumb/v7-m/nofp/libc_nano.a(lib_a-impure.o)
                0x0000000008002778                _global_impure_ptr
 .rodata.__sf_fake_stderr
                0x000000000800277c       0x20 /home/ubuntu/tools/gcc-arm-none-eabi-10-2020-q4-major/bin/../lib/gcc/arm-none-eabi/10.2.1/../../../../arm-none-eabi/lib/thumb/v7-m/nofp/libc_nano.a(lib_a-findfp.o)
                0x000000000800277c                __sf_fake_stderr
 .rodata.__sf_fake_stdin
                0x000000000800279c       0x20 /home/ubuntu/tools/gcc-arm-none-eabi-10-2020-q4-major/bin/../lib/gcc/arm-none-eabi/10.2.1/../../../../arm-none-eabi/lib/thumb/v7-m/nofp/libc_nano.a(lib_a-findfp.o)
                0x000000000800279c                __sf_fake_stdin
 .rodata.__sf_fake_stdout
                0x00000000080027bc       0x20 /home/ubuntu/tools/gcc-arm-none-eabi-10-2020-q4-major/bin/../lib/gcc/arm-none-eabi/10.2.1/../../../../arm-none-eabi/lib/thumb/v7-m/nofp/libc_nano.a(lib_a-findfp.o)
                0x00000000080027bc                __sf_fake_stdout
 .rodata._vfprintf_r.str1.1
                0x00000000080027dc       0x11 /home/ubuntu/tools/gcc-arm-none-eabi-10-2020-q4-major/bin/../lib/gcc/arm-none-eabi/10.2.1/../../../../arm-none-eabi/lib/thumb/v7-m/nofp/libc_nano.a(lib_a-nano-vfprintf.o)
 .rodata._printf_i.str1.1
                0x00000000080027ed       0x22 /home/ubuntu/tools/gcc-arm-none-eabi-10-2020-q4-major/bin/../lib/gcc/arm-none-eabi/10.2.1/../../../../arm-none-eabi/lib/thumb/v7-m/nofp/libc_nano.a(lib_a-nano-vfprintf_i.o)
                0x0000000008002810                . = ALIGN (0x4)
 *fill*         0x000000000800280f        0x1 

.rel.dyn        0x0000000008002810        0x0
 .rel.iplt      0x0000000008002810        0x0 /home/ubuntu/tools/gcc-arm-none-eabi-10-2020-q4-major/bin/../lib/gcc/arm-none-eabi/10.2.1/thumb/v7-m/nofp/crtbegin.o

.ARM.extab
 *(.ARM.extab* .gnu.linkonce.armextab.*)

.ARM            0x0000000008002810        0x0
                0x0000000008002810                __exidx_start = .
 *(.ARM.exidx*)
                0x0000000008002810                __exidx_end = .

.preinit_array  0x0000000008002810        0x0
                0x0000000008002810                PROVIDE (__preinit_array_start = .)
 *(.preinit_array*)
                0x0000000008002810                PROVIDE (__preinit_array_end = .)

.init_array     0x0000000008002810        0x4
                0x0000000008002810                PROVIDE (__init_array_start = .)
 *(SORT_BY_NAME(.init_array.*))
 *(.init_array*)
 .init_array    0x0000000008002810        0x4 /home/ubuntu/tools/gcc-arm-none-eabi-10-2020-q4-major/bin/../lib/gcc/arm-none-eabi/10.2.1/thumb/v7-m/nofp/crtbegin.o
                0x0000000008002814                PROVIDE (__init_array_end = .)

.fini_array     0x0000000008002814        0x4
                [!provide]                        PROVIDE (__fini_array_start = .)
 *(SORT_BY_NAME(.fini_array.*))
 *(.fini_array*)
 .fini_array    0x0000000008002814        0x4 /home/ubuntu/tools/gcc-arm-none-eabi-10-2020-q4-major/bin/../lib/gcc/arm-none-eabi/10.2.1/thumb/v7-m/nofp/crtbegin.o
                [!provide]                        PROVIDE (__fini_array_end = .)
                0x0000000008002818                _sidata = LOADADDR (.data)

.data           0x0000000020000000       0x7c load address 0x0000000008002818
                0x0000000020000000                . = ALIGN (0x4)
                0x0000000020000000                _sdata = .
 *(.data)
 *(.data*)
 .data.SystemCoreClock
                0x0000000020000000        0x4 build/system_stm32f10x.o
                0x0000000020000000                SystemCoreClock
 .data.APBAHBPrescTable
                0x0000000020000004       0x10 build/stm32f10x_rcc.o
 .data.ADCPrescTable
                0x0000000020000014        0x4 build/stm32f10x_rcc.o
 .data._impure_ptr
                0x0000000020000018        0x4 /home/ubuntu/tools/gcc-arm-none-eabi-10-2020-q4-major/bin/../lib/gcc/arm-none-eabi/10.2.1/../../../../arm-none-eabi/lib/thumb/v7-m/nofp/libc_nano.a(lib_a-impure.o)
                0x0000000020000018                _impure_ptr
 .data.impure_data
                0x000000002000001c       0x60 /home/ubuntu/tools/gcc-arm-none-eabi-10-2020-q4-major/bin/../lib/gcc/arm-none-eabi/10.2.1/../../../../arm-none-eabi/lib/thumb/v7-m/nofp/libc_nano.a(lib_a-impure.o)
                0x000000002000007c                . = ALIGN (0x4)
                0x000000002000007c                _edata = .

.igot.plt       0x000000002000007c        0x0 load address 0x0000000008002894
 .igot.plt      0x000000002000007c        0x0 /home/ubuntu/tools/gcc-arm-none-eabi-10-2020-q4-major/bin/../lib/gcc/arm-none-eabi/10.2.1/thumb/v7-m/nofp/crtbegin.o
                0x000000002000007c                . = ALIGN (0x4)

.bss            0x000000002000007c       0x3c load address 0x0000000008002894
                0x000000002000007c                _sbss = .
                0x000000002000007c                __bss_start__ = _sbss
 *(.bss)
 .bss           0x000000002000007c       0x1c /home/ubuntu/tools/gcc-arm-none-eabi-10-2020-q4-major/bin/../lib/gcc/arm-none-eabi/10.2.1/thumb/v7-m/nofp/crtbegin.o
 *(.bss*)
 .bss.fac_us    0x0000000020000098        0x1 build/delay.o
 *fill*         0x0000000020000099        0x1 
 .bss.fac_ms    0x000000002000009a        0x2 build/delay.o
 .bss.ov_sta    0x000000002000009c        0x1 build/exti.o
                0x000000002000009c                ov_sta
 .bss.KEY0_PUSH
                0x000000002000009d        0x1 build/inout.o
                0x000000002000009d                KEY0_PUSH
 .bss.KEY1_PUSH
                0x000000002000009e        0x1 build/inout.o
                0x000000002000009e                KEY1_PUSH
 .bss.TIM5CH1_CAPTURE_STA
                0x000000002000009f        0x1 build/timer.o
                0x000000002000009f                TIM5CH1_CAPTURE_STA
 .bss.TIM5CH1_CAPTURE_VAL
                0x00000000200000a0        0x2 build/timer.o
                0x00000000200000a0                TIM5CH1_CAPTURE_VAL
 .bss.ov_frame  0x00000000200000a2        0x1 build/timer.o
                0x00000000200000a2                ov_frame
 .bss.__lock___malloc_recursive_mutex
                0x00000000200000a3        0x1 /home/ubuntu/tools/gcc-arm-none-eabi-10-2020-q4-major/bin/../lib/gcc/arm-none-eabi/10.2.1/../../../../arm-none-eabi/lib/thumb/v7-m/nofp/libc_nano.a(lib_a-lock.o)
                0x00000000200000a3                __lock___malloc_recursive_mutex
 .bss.__lock___sfp_recursive_mutex
                0x00000000200000a4        0x1 /home/ubuntu/tools/gcc-arm-none-eabi-10-2020-q4-major/bin/../lib/gcc/arm-none-eabi/10.2.1/../../../../arm-none-eabi/lib/thumb/v7-m/nofp/libc_nano.a(lib_a-lock.o)
                0x00000000200000a4                __lock___sfp_recursive_mutex
 .bss.__lock___sinit_recursive_mutex
                0x00000000200000a5        0x1 /home/ubuntu/tools/gcc-arm-none-eabi-10-2020-q4-major/bin/../lib/gcc/arm-none-eabi/10.2.1/../../../../arm-none-eabi/lib/thumb/v7-m/nofp/libc_nano.a(lib_a-lock.o)
                0x00000000200000a5                __lock___sinit_recursive_mutex
 *fill*         0x00000000200000a6        0x2 
 .bss.__malloc_free_list
                0x00000000200000a8        0x4 /home/ubuntu/tools/gcc-arm-none-eabi-10-2020-q4-major/bin/../lib/gcc/arm-none-eabi/10.2.1/../../../../arm-none-eabi/lib/thumb/v7-m/nofp/libc_nano.a(lib_a-nano-mallocr.o)
                0x00000000200000a8                __malloc_free_list
 .bss.__malloc_sbrk_start
                0x00000000200000ac        0x4 /home/ubuntu/tools/gcc-arm-none-eabi-10-2020-q4-major/bin/../lib/gcc/arm-none-eabi/10.2.1/../../../../arm-none-eabi/lib/thumb/v7-m/nofp/libc_nano.a(lib_a-nano-mallocr.o)
                0x00000000200000ac                __malloc_sbrk_start
 .bss.errno     0x00000000200000b0        0x4 /home/ubuntu/tools/gcc-arm-none-eabi-10-2020-q4-major/bin/../lib/gcc/arm-none-eabi/10.2.1/../../../../arm-none-eabi/lib/thumb/v7-m/nofp/libc_nano.a(lib_a-reent.o)
                0x00000000200000b0                errno
 .bss.heap_end.0
                0x00000000200000b4        0x4 /home/ubuntu/tools/gcc-arm-none-eabi-10-2020-q4-major/bin/../lib/gcc/arm-none-eabi/10.2.1/../../../../arm-none-eabi/lib/thumb/v7-m/nofp/libnosys.a(sbrk.o)
 *(COMMON)
                0x00000000200000b8                . = ALIGN (0x4)
                0x00000000200000b8                _ebss = .
                0x00000000200000b8                __bss_end__ = _ebss

._user_heap_stack
                0x00000000200000b8      0x600 load address 0x0000000008002894
                0x00000000200000b8                . = ALIGN (0x8)
                0x00000000200000b8                PROVIDE (end = .)
                [!provide]                        PROVIDE (_end = .)
                0x00000000200002b8                . = (. + _Min_Heap_Size)
 *fill*         0x00000000200000b8      0x200 
                0x00000000200006b8                . = (. + _Min_Stack_Size)
 *fill*         0x00000000200002b8      0x400 
                0x00000000200006b8                . = ALIGN (0x8)

/DISCARD/
 libc.a(*)
 libm.a(*)
 libgcc.a(*)

.ARM.attributes
                0x0000000000000000       0x29
 *(.ARM.attributes)
 .ARM.attributes
                0x0000000000000000       0x1d /home/ubuntu/tools/gcc-arm-none-eabi-10-2020-q4-major/bin/../lib/gcc/arm-none-eabi/10.2.1/thumb/v7-m/nofp/crti.o
 .ARM.attributes
                0x000000000000001d       0x2d /home/ubuntu/tools/gcc-arm-none-eabi-10-2020-q4-major/bin/../lib/gcc/arm-none-eabi/10.2.1/thumb/v7-m/nofp/crtbegin.o
 .ARM.attributes
                0x000000000000004a       0x2d build/system_stm32f10x.o
 .ARM.attributes
                0x0000000000000077       0x2d build/misc.o
 .ARM.attributes
                0x00000000000000a4       0x2d build/stm32f10x_exti.o
 .ARM.attributes
                0x00000000000000d1       0x2d build/stm32f10x_gpio.o
 .ARM.attributes
                0x00000000000000fe       0x2d build/stm32f10x_rcc.o
 .ARM.attributes
                0x000000000000012b       0x2d build/stm32f10x_tim.o
 .ARM.attributes
                0x0000000000000158       0x2d build/stm32f10x_usart.o
 .ARM.attributes
                0x0000000000000185       0x2d build/main.o
 .ARM.attributes
                0x00000000000001b2       0x2d build/stm32f10x_it.o
 .ARM.attributes
                0x00000000000001df       0x2d build/sys.o
 .ARM.attributes
                0x000000000000020c       0x2d build/uart.o
 .ARM.attributes
                0x0000000000000239       0x2d build/delay.o
 .ARM.attributes
                0x0000000000000266       0x2d build/exti.o
 .ARM.attributes
                0x0000000000000293       0x2d build/inout.o
 .ARM.attributes
                0x00000000000002c0       0x2d build/key.o
 .ARM.attributes
                0x00000000000002ed       0x2d build/led.o
 .ARM.attributes
                0x000000000000031a       0x2d build/timer.o
 .ARM.attributes
                0x0000000000000347       0x21 build/startup_stm32f103xe.o
 .ARM.attributes
                0x0000000000000368       0x2d /home/ubuntu/tools/gcc-arm-none-eabi-10-2020-q4-major/bin/../lib/gcc/arm-none-eabi/10.2.1/../../../../arm-none-eabi/lib/thumb/v7-m/nofp/libc_nano.a(lib_a-impure.o)
 .ARM.attributes
                0x0000000000000395       0x2d /home/ubuntu/tools/gcc-arm-none-eabi-10-2020-q4-major/bin/../lib/gcc/arm-none-eabi/10.2.1/../../../../arm-none-eabi/lib/thumb/v7-m/nofp/libc_nano.a(lib_a-init.o)
 .ARM.attributes
                0x00000000000003c2       0x2d /home/ubuntu/tools/gcc-arm-none-eabi-10-2020-q4-major/bin/../lib/gcc/arm-none-eabi/10.2.1/../../../../arm-none-eabi/lib/thumb/v7-m/nofp/libc_nano.a(lib_a-memset.o)
 .ARM.attributes
                0x00000000000003ef       0x2d /home/ubuntu/tools/gcc-arm-none-eabi-10-2020-q4-major/bin/../lib/gcc/arm-none-eabi/10.2.1/../../../../arm-none-eabi/lib/thumb/v7-m/nofp/libc_nano.a(lib_a-printf.o)
 .ARM.attributes
                0x000000000000041c       0x2d /home/ubuntu/tools/gcc-arm-none-eabi-10-2020-q4-major/bin/../lib/gcc/arm-none-eabi/10.2.1/../../../../arm-none-eabi/lib/thumb/v7-m/nofp/libc_nano.a(lib_a-puts.o)
 .ARM.attributes
                0x0000000000000449       0x2d /home/ubuntu/tools/gcc-arm-none-eabi-10-2020-q4-major/bin/../lib/gcc/arm-none-eabi/10.2.1/../../../../arm-none-eabi/lib/thumb/v7-m/nofp/libc_nano.a(lib_a-wbuf.o)
 .ARM.attributes
                0x0000000000000476       0x2d /home/ubuntu/tools/gcc-arm-none-eabi-10-2020-q4-major/bin/../lib/gcc/arm-none-eabi/10.2.1/../../../../arm-none-eabi/lib/thumb/v7-m/nofp/libc_nano.a(lib_a-wsetup.o)
 .ARM.attributes
                0x00000000000004a3       0x2d /home/ubuntu/tools/gcc-arm-none-eabi-10-2020-q4-major/bin/../lib/gcc/arm-none-eabi/10.2.1/../../../../arm-none-eabi/lib/thumb/v7-m/nofp/libc_nano.a(lib_a-fflush.o)
 .ARM.attributes
                0x00000000000004d0       0x2d /home/ubuntu/tools/gcc-arm-none-eabi-10-2020-q4-major/bin/../lib/gcc/arm-none-eabi/10.2.1/../../../../arm-none-eabi/lib/thumb/v7-m/nofp/libc_nano.a(lib_a-findfp.o)
 .ARM.attributes
                0x00000000000004fd       0x2d /home/ubuntu/tools/gcc-arm-none-eabi-10-2020-q4-major/bin/../lib/gcc/arm-none-eabi/10.2.1/../../../../arm-none-eabi/lib/thumb/v7-m/nofp/libc_nano.a(lib_a-fwalk.o)
 .ARM.attributes
                0x000000000000052a       0x2d /home/ubuntu/tools/gcc-arm-none-eabi-10-2020-q4-major/bin/../lib/gcc/arm-none-eabi/10.2.1/../../../../arm-none-eabi/lib/thumb/v7-m/nofp/libc_nano.a(lib_a-lock.o)
 .ARM.attributes
                0x0000000000000557       0x2d /home/ubuntu/tools/gcc-arm-none-eabi-10-2020-q4-major/bin/../lib/gcc/arm-none-eabi/10.2.1/../../../../arm-none-eabi/lib/thumb/v7-m/nofp/libc_nano.a(lib_a-makebuf.o)
 .ARM.attributes
                0x0000000000000584       0x2d /home/ubuntu/tools/gcc-arm-none-eabi-10-2020-q4-major/bin/../lib/gcc/arm-none-eabi/10.2.1/../../../../arm-none-eabi/lib/thumb/v7-m/nofp/libc_nano.a(lib_a-nano-freer.o)
 .ARM.attributes
                0x00000000000005b1       0x2d /home/ubuntu/tools/gcc-arm-none-eabi-10-2020-q4-major/bin/../lib/gcc/arm-none-eabi/10.2.1/../../../../arm-none-eabi/lib/thumb/v7-m/nofp/libc_nano.a(lib_a-nano-mallocr.o)
 .ARM.attributes
                0x00000000000005de       0x2d /home/ubuntu/tools/gcc-arm-none-eabi-10-2020-q4-major/bin/../lib/gcc/arm-none-eabi/10.2.1/../../../../arm-none-eabi/lib/thumb/v7-m/nofp/libc_nano.a(lib_a-nano-vfprintf.o)
 .ARM.attributes
                0x000000000000060b       0x2d /home/ubuntu/tools/gcc-arm-none-eabi-10-2020-q4-major/bin/../lib/gcc/arm-none-eabi/10.2.1/../../../../arm-none-eabi/lib/thumb/v7-m/nofp/libc_nano.a(lib_a-nano-vfprintf_i.o)
 .ARM.attributes
                0x0000000000000638       0x2d /home/ubuntu/tools/gcc-arm-none-eabi-10-2020-q4-major/bin/../lib/gcc/arm-none-eabi/10.2.1/../../../../arm-none-eabi/lib/thumb/v7-m/nofp/libc_nano.a(lib_a-sbrkr.o)
 .ARM.attributes
                0x0000000000000665       0x2d /home/ubuntu/tools/gcc-arm-none-eabi-10-2020-q4-major/bin/../lib/gcc/arm-none-eabi/10.2.1/../../../../arm-none-eabi/lib/thumb/v7-m/nofp/libc_nano.a(lib_a-stdio.o)
 .ARM.attributes
                0x0000000000000692       0x2d /home/ubuntu/tools/gcc-arm-none-eabi-10-2020-q4-major/bin/../lib/gcc/arm-none-eabi/10.2.1/../../../../arm-none-eabi/lib/thumb/v7-m/nofp/libc_nano.a(lib_a-writer.o)
 .ARM.attributes
                0x00000000000006bf       0x2d /home/ubuntu/tools/gcc-arm-none-eabi-10-2020-q4-major/bin/../lib/gcc/arm-none-eabi/10.2.1/../../../../arm-none-eabi/lib/thumb/v7-m/nofp/libc_nano.a(lib_a-closer.o)
 .ARM.attributes
                0x00000000000006ec       0x2d /home/ubuntu/tools/gcc-arm-none-eabi-10-2020-q4-major/bin/../lib/gcc/arm-none-eabi/10.2.1/../../../../arm-none-eabi/lib/thumb/v7-m/nofp/libc_nano.a(lib_a-fstatr.o)
 .ARM.attributes
                0x0000000000000719       0x2d /home/ubuntu/tools/gcc-arm-none-eabi-10-2020-q4-major/bin/../lib/gcc/arm-none-eabi/10.2.1/../../../../arm-none-eabi/lib/thumb/v7-m/nofp/libc_nano.a(lib_a-isattyr.o)
 .ARM.attributes
                0x0000000000000746       0x2d /home/ubuntu/tools/gcc-arm-none-eabi-10-2020-q4-major/bin/../lib/gcc/arm-none-eabi/10.2.1/../../../../arm-none-eabi/lib/thumb/v7-m/nofp/libc_nano.a(lib_a-lseekr.o)
 .ARM.attributes
                0x0000000000000773       0x2d /home/ubuntu/tools/gcc-arm-none-eabi-10-2020-q4-major/bin/../lib/gcc/arm-none-eabi/10.2.1/../../../../arm-none-eabi/lib/thumb/v7-m/nofp/libc_nano.a(lib_a-memchr-stub.o)
 .ARM.attributes
                0x00000000000007a0       0x2d /home/ubuntu/tools/gcc-arm-none-eabi-10-2020-q4-major/bin/../lib/gcc/arm-none-eabi/10.2.1/../../../../arm-none-eabi/lib/thumb/v7-m/nofp/libc_nano.a(lib_a-mlock.o)
 .ARM.attributes
                0x00000000000007cd       0x2d /home/ubuntu/tools/gcc-arm-none-eabi-10-2020-q4-major/bin/../lib/gcc/arm-none-eabi/10.2.1/../../../../arm-none-eabi/lib/thumb/v7-m/nofp/libc_nano.a(lib_a-readr.o)
 .ARM.attributes
                0x00000000000007fa       0x2d /home/ubuntu/tools/gcc-arm-none-eabi-10-2020-q4-major/bin/../lib/gcc/arm-none-eabi/10.2.1/../../../../arm-none-eabi/lib/thumb/v7-m/nofp/libc_nano.a(lib_a-reent.o)
 .ARM.attributes
                0x0000000000000827       0x2d /home/ubuntu/tools/gcc-arm-none-eabi-10-2020-q4-major/bin/../lib/gcc/arm-none-eabi/10.2.1/../../../../arm-none-eabi/lib/thumb/v7-m/nofp/libnosys.a(close.o)
 .ARM.attributes
                0x0000000000000854       0x2d /home/ubuntu/tools/gcc-arm-none-eabi-10-2020-q4-major/bin/../lib/gcc/arm-none-eabi/10.2.1/../../../../arm-none-eabi/lib/thumb/v7-m/nofp/libnosys.a(fstat.o)
 .ARM.attributes
                0x0000000000000881       0x2d /home/ubuntu/tools/gcc-arm-none-eabi-10-2020-q4-major/bin/../lib/gcc/arm-none-eabi/10.2.1/../../../../arm-none-eabi/lib/thumb/v7-m/nofp/libnosys.a(isatty.o)
 .ARM.attributes
                0x00000000000008ae       0x2d /home/ubuntu/tools/gcc-arm-none-eabi-10-2020-q4-major/bin/../lib/gcc/arm-none-eabi/10.2.1/../../../../arm-none-eabi/lib/thumb/v7-m/nofp/libnosys.a(lseek.o)
 .ARM.attributes
                0x00000000000008db       0x2d /home/ubuntu/tools/gcc-arm-none-eabi-10-2020-q4-major/bin/../lib/gcc/arm-none-eabi/10.2.1/../../../../arm-none-eabi/lib/thumb/v7-m/nofp/libnosys.a(read.o)
 .ARM.attributes
                0x0000000000000908       0x2d /home/ubuntu/tools/gcc-arm-none-eabi-10-2020-q4-major/bin/../lib/gcc/arm-none-eabi/10.2.1/../../../../arm-none-eabi/lib/thumb/v7-m/nofp/libnosys.a(sbrk.o)
 .ARM.attributes
                0x0000000000000935       0x1d /home/ubuntu/tools/gcc-arm-none-eabi-10-2020-q4-major/bin/../lib/gcc/arm-none-eabi/10.2.1/thumb/v7-m/nofp/crtn.o
OUTPUT(build/make103.elf elf32-littlearm)
LOAD linker stubs
LOAD /home/ubuntu/tools/gcc-arm-none-eabi-10-2020-q4-major/bin/../lib/gcc/arm-none-eabi/10.2.1/../../../../arm-none-eabi/lib/thumb/v7-m/nofp/libc.a
LOAD /home/ubuntu/tools/gcc-arm-none-eabi-10-2020-q4-major/bin/../lib/gcc/arm-none-eabi/10.2.1/../../../../arm-none-eabi/lib/thumb/v7-m/nofp/libm.a
LOAD /home/ubuntu/tools/gcc-arm-none-eabi-10-2020-q4-major/bin/../lib/gcc/arm-none-eabi/10.2.1/thumb/v7-m/nofp/libgcc.a

.debug_info     0x0000000000000000     0x7c89
 .debug_info    0x0000000000000000      0x520 build/system_stm32f10x.o
 .debug_info    0x0000000000000520      0x5d0 build/misc.o
 .debug_info    0x0000000000000af0      0x397 build/stm32f10x_exti.o
 .debug_info    0x0000000000000e87      0x7aa build/stm32f10x_gpio.o
 .debug_info    0x0000000000001631      0x9b5 build/stm32f10x_rcc.o
 .debug_info    0x0000000000001fe6     0x2031 build/stm32f10x_tim.o
 .debug_info    0x0000000000004017      0xb2a build/stm32f10x_usart.o
 .debug_info    0x0000000000004b41      0x297 build/main.o
 .debug_info    0x0000000000004dd8      0x124 build/stm32f10x_it.o
 .debug_info    0x0000000000004efc       0x9f build/sys.o
 .debug_info    0x0000000000004f9b     0x1190 build/uart.o
 .debug_info    0x000000000000612b      0x244 build/delay.o
 .debug_info    0x000000000000636f      0x660 build/exti.o
 .debug_info    0x00000000000069cf      0x13c build/inout.o
 .debug_info    0x0000000000006b0b      0x314 build/key.o
 .debug_info    0x0000000000006e1f      0x2ad build/led.o
 .debug_info    0x00000000000070cc      0xb9b build/timer.o
 .debug_info    0x0000000000007c67       0x22 build/startup_stm32f103xe.o

.debug_abbrev   0x0000000000000000     0x1827
 .debug_abbrev  0x0000000000000000      0x17f build/system_stm32f10x.o
 .debug_abbrev  0x000000000000017f      0x150 build/misc.o
 .debug_abbrev  0x00000000000002cf      0x16a build/stm32f10x_exti.o
 .debug_abbrev  0x0000000000000439      0x1eb build/stm32f10x_gpio.o
 .debug_abbrev  0x0000000000000624      0x1d5 build/stm32f10x_rcc.o
 .debug_abbrev  0x00000000000007f9      0x1cb build/stm32f10x_tim.o
 .debug_abbrev  0x00000000000009c4      0x193 build/stm32f10x_usart.o
 .debug_abbrev  0x0000000000000b57      0x146 build/main.o
 .debug_abbrev  0x0000000000000c9d       0x59 build/stm32f10x_it.o
 .debug_abbrev  0x0000000000000cf6       0x55 build/sys.o
 .debug_abbrev  0x0000000000000d4b      0x2a0 build/uart.o
 .debug_abbrev  0x0000000000000feb      0x130 build/delay.o
 .debug_abbrev  0x000000000000111b      0x1f9 build/exti.o
 .debug_abbrev  0x0000000000001314       0xa4 build/inout.o
 .debug_abbrev  0x00000000000013b8      0x16a build/key.o
 .debug_abbrev  0x0000000000001522      0x129 build/led.o
 .debug_abbrev  0x000000000000164b      0x1ca build/timer.o
 .debug_abbrev  0x0000000000001815       0x12 build/startup_stm32f103xe.o

.debug_loc      0x0000000000000000     0x509c
 .debug_loc     0x0000000000000000      0x110 build/system_stm32f10x.o
 .debug_loc     0x0000000000000110      0x1cc build/misc.o
 .debug_loc     0x00000000000002dc      0x2c8 build/stm32f10x_exti.o
 .debug_loc     0x00000000000005a4      0x63c build/stm32f10x_gpio.o
 .debug_loc     0x0000000000000be0      0xb2c build/stm32f10x_rcc.o
 .debug_loc     0x000000000000170c     0x2060 build/stm32f10x_tim.o
 .debug_loc     0x000000000000376c      0xa54 build/stm32f10x_usart.o
 .debug_loc     0x00000000000041c0       0x88 build/main.o
 .debug_loc     0x0000000000004248      0x17c build/stm32f10x_it.o
 .debug_loc     0x00000000000043c4       0x2c build/sys.o
 .debug_loc     0x00000000000043f0      0x2f4 build/uart.o
 .debug_loc     0x00000000000046e4      0x134 build/delay.o
 .debug_loc     0x0000000000004818      0x26c build/exti.o
 .debug_loc     0x0000000000004a84       0xfc build/inout.o
 .debug_loc     0x0000000000004b80      0x178 build/key.o
 .debug_loc     0x0000000000004cf8       0xf0 build/led.o
 .debug_loc     0x0000000000004de8      0x2b4 build/timer.o

.debug_aranges  0x0000000000000000      0x948
 .debug_aranges
                0x0000000000000000       0x38 build/system_stm32f10x.o
 .debug_aranges
                0x0000000000000038       0x40 build/misc.o
 .debug_aranges
                0x0000000000000078       0x58 build/stm32f10x_exti.o
 .debug_aranges
                0x00000000000000d0       0xa8 build/stm32f10x_gpio.o
 .debug_aranges
                0x0000000000000178      0x118 build/stm32f10x_rcc.o
 .debug_aranges
                0x0000000000000290      0x2f0 build/stm32f10x_tim.o
 .debug_aranges
                0x0000000000000580      0x100 build/stm32f10x_usart.o
 .debug_aranges
                0x0000000000000680       0x28 build/main.o
 .debug_aranges
                0x00000000000006a8       0x50 build/stm32f10x_it.o
 .debug_aranges
                0x00000000000006f8       0x20 build/sys.o
 .debug_aranges
                0x0000000000000718       0x60 build/uart.o
 .debug_aranges
                0x0000000000000778       0x38 build/delay.o
 .debug_aranges
                0x00000000000007b0       0x68 build/exti.o
 .debug_aranges
                0x0000000000000818       0x30 build/inout.o
 .debug_aranges
                0x0000000000000848       0x40 build/key.o
 .debug_aranges
                0x0000000000000888       0x30 build/led.o
 .debug_aranges
                0x00000000000008b8       0x68 build/timer.o
 .debug_aranges
                0x0000000000000920       0x28 build/startup_stm32f103xe.o

.debug_ranges   0x0000000000000000      0x830
 .debug_ranges  0x0000000000000000       0x28 build/system_stm32f10x.o
 .debug_ranges  0x0000000000000028       0x30 build/misc.o
 .debug_ranges  0x0000000000000058       0x48 build/stm32f10x_exti.o
 .debug_ranges  0x00000000000000a0       0x98 build/stm32f10x_gpio.o
 .debug_ranges  0x0000000000000138      0x108 build/stm32f10x_rcc.o
 .debug_ranges  0x0000000000000240      0x2e0 build/stm32f10x_tim.o
 .debug_ranges  0x0000000000000520       0xf0 build/stm32f10x_usart.o
 .debug_ranges  0x0000000000000610       0x18 build/main.o
 .debug_ranges  0x0000000000000628       0x40 build/stm32f10x_it.o
 .debug_ranges  0x0000000000000668       0x10 build/sys.o
 .debug_ranges  0x0000000000000678       0x50 build/uart.o
 .debug_ranges  0x00000000000006c8       0x28 build/delay.o
 .debug_ranges  0x00000000000006f0       0x58 build/exti.o
 .debug_ranges  0x0000000000000748       0x20 build/inout.o
 .debug_ranges  0x0000000000000768       0x30 build/key.o
 .debug_ranges  0x0000000000000798       0x20 build/led.o
 .debug_ranges  0x00000000000007b8       0x58 build/timer.o
 .debug_ranges  0x0000000000000810       0x20 build/startup_stm32f103xe.o

.debug_line     0x0000000000000000     0x414b
 .debug_line    0x0000000000000000      0x2d3 build/system_stm32f10x.o
 .debug_line    0x00000000000002d3      0x250 build/misc.o
 .debug_line    0x0000000000000523      0x2d3 build/stm32f10x_exti.o
 .debug_line    0x00000000000007f6      0x51c build/stm32f10x_gpio.o
 .debug_line    0x0000000000000d12      0x6b7 build/stm32f10x_rcc.o
 .debug_line    0x00000000000013c9     0x1129 build/stm32f10x_tim.o
 .debug_line    0x00000000000024f2      0x667 build/stm32f10x_usart.o
 .debug_line    0x0000000000002b59      0x15e build/main.o
 .debug_line    0x0000000000002cb7       0xce build/stm32f10x_it.o
 .debug_line    0x0000000000002d85      0x106 build/sys.o
 .debug_line    0x0000000000002e8b      0x433 build/uart.o
 .debug_line    0x00000000000032be      0x24a build/delay.o
 .debug_line    0x0000000000003508      0x3ae build/exti.o
 .debug_line    0x00000000000038b6       0xa0 build/inout.o
 .debug_line    0x0000000000003956      0x1cb build/key.o
 .debug_line    0x0000000000003b21      0x1b0 build/led.o
 .debug_line    0x0000000000003cd1      0x405 build/timer.o
 .debug_line    0x00000000000040d6       0x75 build/startup_stm32f103xe.o

.debug_str      0x0000000000000000     0x2965
 .debug_str     0x0000000000000000      0x25f build/system_stm32f10x.o
                                        0x2c6 (size before relaxing)
 .debug_str     0x000000000000025f      0x1f5 build/misc.o
                                        0x39c (size before relaxing)
 .debug_str     0x0000000000000454      0x1b7 build/stm32f10x_exti.o
                                        0x327 (size before relaxing)
 .debug_str     0x000000000000060b      0x35e build/stm32f10x_gpio.o
                                        0x4f7 (size before relaxing)
 .debug_str     0x0000000000000969      0x3c3 build/stm32f10x_rcc.o
                                        0x5f8 (size before relaxing)
 .debug_str     0x0000000000000d2c      0xb88 build/stm32f10x_tim.o
                                        0xdbb (size before relaxing)
 .debug_str     0x00000000000018b4      0x40a build/stm32f10x_usart.o
                                        0x66e (size before relaxing)
 .debug_str     0x0000000000001cbe       0x62 build/main.o
                                        0x20e (size before relaxing)
 .debug_str     0x0000000000001d20       0x8f build/stm32f10x_it.o
                                        0x1b2 (size before relaxing)
 .debug_str     0x0000000000001daf       0x1d build/sys.o
                                        0x154 (size before relaxing)
 .debug_str     0x0000000000001dcc      0x813 build/uart.o
                                        0xc31 (size before relaxing)
 .debug_str     0x00000000000025df       0x47 build/delay.o
                                        0x1d6 (size before relaxing)
 .debug_str     0x0000000000002626      0x115 build/exti.o
                                        0x7a4 (size before relaxing)
 .debug_str     0x000000000000273b       0x3a build/inout.o
                                        0x192 (size before relaxing)
 .debug_str     0x0000000000002775       0x46 build/key.o
                                        0x2fa (size before relaxing)
 .debug_str     0x00000000000027bb       0x35 build/led.o
                                        0x2dd (size before relaxing)
 .debug_str     0x00000000000027f0      0x151 build/timer.o
                                        0xaa8 (size before relaxing)
 .debug_str     0x0000000000002941       0x24 build/startup_stm32f103xe.o
                                         0x38 (size before relaxing)

.comment        0x0000000000000000       0x4d
 .comment       0x0000000000000000       0x4d build/system_stm32f10x.o
                                         0x4e (size before relaxing)
 .comment       0x000000000000004d       0x4e build/misc.o
 .comment       0x000000000000004d       0x4e build/stm32f10x_exti.o
 .comment       0x000000000000004d       0x4e build/stm32f10x_gpio.o
 .comment       0x000000000000004d       0x4e build/stm32f10x_rcc.o
 .comment       0x000000000000004d       0x4e build/stm32f10x_tim.o
 .comment       0x000000000000004d       0x4e build/stm32f10x_usart.o
 .comment       0x000000000000004d       0x4e build/main.o
 .comment       0x000000000000004d       0x4e build/stm32f10x_it.o
 .comment       0x000000000000004d       0x4e build/sys.o
 .comment       0x000000000000004d       0x4e build/uart.o
 .comment       0x000000000000004d       0x4e build/delay.o
 .comment       0x000000000000004d       0x4e build/exti.o
 .comment       0x000000000000004d       0x4e build/inout.o
 .comment       0x000000000000004d       0x4e build/key.o
 .comment       0x000000000000004d       0x4e build/led.o
 .comment       0x000000000000004d       0x4e build/timer.o

.debug_frame    0x0000000000000000     0x2e04
 .debug_frame   0x0000000000000000       0x98 build/system_stm32f10x.o
 .debug_frame   0x0000000000000098       0xd8 build/misc.o
 .debug_frame   0x0000000000000170      0x148 build/stm32f10x_exti.o
 .debug_frame   0x00000000000002b8      0x2d0 build/stm32f10x_gpio.o
 .debug_frame   0x0000000000000588      0x4f4 build/stm32f10x_rcc.o
 .debug_frame   0x0000000000000a7c      0xe2c build/stm32f10x_tim.o
 .debug_frame   0x00000000000018a8      0x490 build/stm32f10x_usart.o
 .debug_frame   0x0000000000001d38       0x54 build/main.o
 .debug_frame   0x0000000000001d8c       0xd0 build/stm32f10x_it.o
 .debug_frame   0x0000000000001e5c       0x2c build/sys.o
 .debug_frame   0x0000000000001e88      0x160 build/uart.o
 .debug_frame   0x0000000000001fe8       0xa0 build/delay.o
 .debug_frame   0x0000000000002088      0x150 build/exti.o
 .debug_frame   0x00000000000021d8       0x80 build/inout.o
 .debug_frame   0x0000000000002258       0xc0 build/key.o
 .debug_frame   0x0000000000002318       0x7c build/led.o
 .debug_frame   0x0000000000002394      0x160 build/timer.o
 .debug_frame   0x00000000000024f4       0x2c /home/ubuntu/tools/gcc-arm-none-eabi-10-2020-q4-major/bin/../lib/gcc/arm-none-eabi/10.2.1/../../../../arm-none-eabi/lib/thumb/v7-m/nofp/libc_nano.a(lib_a-init.o)
 .debug_frame   0x0000000000002520       0x20 /home/ubuntu/tools/gcc-arm-none-eabi-10-2020-q4-major/bin/../lib/gcc/arm-none-eabi/10.2.1/../../../../arm-none-eabi/lib/thumb/v7-m/nofp/libc_nano.a(lib_a-memset.o)
 .debug_frame   0x0000000000002540       0x74 /home/ubuntu/tools/gcc-arm-none-eabi-10-2020-q4-major/bin/../lib/gcc/arm-none-eabi/10.2.1/../../../../arm-none-eabi/lib/thumb/v7-m/nofp/libc_nano.a(lib_a-printf.o)
 .debug_frame   0x00000000000025b4       0x3c /home/ubuntu/tools/gcc-arm-none-eabi-10-2020-q4-major/bin/../lib/gcc/arm-none-eabi/10.2.1/../../../../arm-none-eabi/lib/thumb/v7-m/nofp/libc_nano.a(lib_a-puts.o)
 .debug_frame   0x00000000000025f0       0x40 /home/ubuntu/tools/gcc-arm-none-eabi-10-2020-q4-major/bin/../lib/gcc/arm-none-eabi/10.2.1/../../../../arm-none-eabi/lib/thumb/v7-m/nofp/libc_nano.a(lib_a-wbuf.o)
 .debug_frame   0x0000000000002630       0x2c /home/ubuntu/tools/gcc-arm-none-eabi-10-2020-q4-major/bin/../lib/gcc/arm-none-eabi/10.2.1/../../../../arm-none-eabi/lib/thumb/v7-m/nofp/libc_nano.a(lib_a-wsetup.o)
 .debug_frame   0x000000000000265c       0x5c /home/ubuntu/tools/gcc-arm-none-eabi-10-2020-q4-major/bin/../lib/gcc/arm-none-eabi/10.2.1/../../../../arm-none-eabi/lib/thumb/v7-m/nofp/libc_nano.a(lib_a-fflush.o)
 .debug_frame   0x00000000000026b8      0x14c /home/ubuntu/tools/gcc-arm-none-eabi-10-2020-q4-major/bin/../lib/gcc/arm-none-eabi/10.2.1/../../../../arm-none-eabi/lib/thumb/v7-m/nofp/libc_nano.a(lib_a-findfp.o)
 .debug_frame   0x0000000000002804       0x54 /home/ubuntu/tools/gcc-arm-none-eabi-10-2020-q4-major/bin/../lib/gcc/arm-none-eabi/10.2.1/../../../../arm-none-eabi/lib/thumb/v7-m/nofp/libc_nano.a(lib_a-fwalk.o)
 .debug_frame   0x0000000000002858       0xb0 /home/ubuntu/tools/gcc-arm-none-eabi-10-2020-q4-major/bin/../lib/gcc/arm-none-eabi/10.2.1/../../../../arm-none-eabi/lib/thumb/v7-m/nofp/libc_nano.a(lib_a-lock.o)
 .debug_frame   0x0000000000002908       0x58 /home/ubuntu/tools/gcc-arm-none-eabi-10-2020-q4-major/bin/../lib/gcc/arm-none-eabi/10.2.1/../../../../arm-none-eabi/lib/thumb/v7-m/nofp/libc_nano.a(lib_a-makebuf.o)
 .debug_frame   0x0000000000002960       0x38 /home/ubuntu/tools/gcc-arm-none-eabi-10-2020-q4-major/bin/../lib/gcc/arm-none-eabi/10.2.1/../../../../arm-none-eabi/lib/thumb/v7-m/nofp/libc_nano.a(lib_a-nano-freer.o)
 .debug_frame   0x0000000000002998       0x30 /home/ubuntu/tools/gcc-arm-none-eabi-10-2020-q4-major/bin/../lib/gcc/arm-none-eabi/10.2.1/../../../../arm-none-eabi/lib/thumb/v7-m/nofp/libc_nano.a(lib_a-nano-mallocr.o)
 .debug_frame   0x00000000000029c8       0xac /home/ubuntu/tools/gcc-arm-none-eabi-10-2020-q4-major/bin/../lib/gcc/arm-none-eabi/10.2.1/../../../../arm-none-eabi/lib/thumb/v7-m/nofp/libc_nano.a(lib_a-nano-vfprintf.o)
 .debug_frame   0x0000000000002a74       0x60 /home/ubuntu/tools/gcc-arm-none-eabi-10-2020-q4-major/bin/../lib/gcc/arm-none-eabi/10.2.1/../../../../arm-none-eabi/lib/thumb/v7-m/nofp/libc_nano.a(lib_a-nano-vfprintf_i.o)
 .debug_frame   0x0000000000002ad4       0x2c /home/ubuntu/tools/gcc-arm-none-eabi-10-2020-q4-major/bin/../lib/gcc/arm-none-eabi/10.2.1/../../../../arm-none-eabi/lib/thumb/v7-m/nofp/libc_nano.a(lib_a-sbrkr.o)
 .debug_frame   0x0000000000002b00       0x88 /home/ubuntu/tools/gcc-arm-none-eabi-10-2020-q4-major/bin/../lib/gcc/arm-none-eabi/10.2.1/../../../../arm-none-eabi/lib/thumb/v7-m/nofp/libc_nano.a(lib_a-stdio.o)
 .debug_frame   0x0000000000002b88       0x2c /home/ubuntu/tools/gcc-arm-none-eabi-10-2020-q4-major/bin/../lib/gcc/arm-none-eabi/10.2.1/../../../../arm-none-eabi/lib/thumb/v7-m/nofp/libc_nano.a(lib_a-writer.o)
 .debug_frame   0x0000000000002bb4       0x2c /home/ubuntu/tools/gcc-arm-none-eabi-10-2020-q4-major/bin/../lib/gcc/arm-none-eabi/10.2.1/../../../../arm-none-eabi/lib/thumb/v7-m/nofp/libc_nano.a(lib_a-closer.o)
 .debug_frame   0x0000000000002be0       0x2c /home/ubuntu/tools/gcc-arm-none-eabi-10-2020-q4-major/bin/../lib/gcc/arm-none-eabi/10.2.1/../../../../arm-none-eabi/lib/thumb/v7-m/nofp/libc_nano.a(lib_a-fstatr.o)
 .debug_frame   0x0000000000002c0c       0x2c /home/ubuntu/tools/gcc-arm-none-eabi-10-2020-q4-major/bin/../lib/gcc/arm-none-eabi/10.2.1/../../../../arm-none-eabi/lib/thumb/v7-m/nofp/libc_nano.a(lib_a-isattyr.o)
 .debug_frame   0x0000000000002c38       0x2c /home/ubuntu/tools/gcc-arm-none-eabi-10-2020-q4-major/bin/../lib/gcc/arm-none-eabi/10.2.1/../../../../arm-none-eabi/lib/thumb/v7-m/nofp/libc_nano.a(lib_a-lseekr.o)
 .debug_frame   0x0000000000002c64       0x28 /home/ubuntu/tools/gcc-arm-none-eabi-10-2020-q4-major/bin/../lib/gcc/arm-none-eabi/10.2.1/../../../../arm-none-eabi/lib/thumb/v7-m/nofp/libc_nano.a(lib_a-memchr-stub.o)
 .debug_frame   0x0000000000002c8c       0x30 /home/ubuntu/tools/gcc-arm-none-eabi-10-2020-q4-major/bin/../lib/gcc/arm-none-eabi/10.2.1/../../../../arm-none-eabi/lib/thumb/v7-m/nofp/libc_nano.a(lib_a-mlock.o)
 .debug_frame   0x0000000000002cbc       0x2c /home/ubuntu/tools/gcc-arm-none-eabi-10-2020-q4-major/bin/../lib/gcc/arm-none-eabi/10.2.1/../../../../arm-none-eabi/lib/thumb/v7-m/nofp/libc_nano.a(lib_a-readr.o)
 .debug_frame   0x0000000000002ce8       0x5c /home/ubuntu/tools/gcc-arm-none-eabi-10-2020-q4-major/bin/../lib/gcc/arm-none-eabi/10.2.1/../../../../arm-none-eabi/lib/thumb/v7-m/nofp/libc_nano.a(lib_a-reent.o)
 .debug_frame   0x0000000000002d44       0x20 /home/ubuntu/tools/gcc-arm-none-eabi-10-2020-q4-major/bin/../lib/gcc/arm-none-eabi/10.2.1/../../../../arm-none-eabi/lib/thumb/v7-m/nofp/libnosys.a(close.o)
 .debug_frame   0x0000000000002d64       0x20 /home/ubuntu/tools/gcc-arm-none-eabi-10-2020-q4-major/bin/../lib/gcc/arm-none-eabi/10.2.1/../../../../arm-none-eabi/lib/thumb/v7-m/nofp/libnosys.a(fstat.o)
 .debug_frame   0x0000000000002d84       0x20 /home/ubuntu/tools/gcc-arm-none-eabi-10-2020-q4-major/bin/../lib/gcc/arm-none-eabi/10.2.1/../../../../arm-none-eabi/lib/thumb/v7-m/nofp/libnosys.a(isatty.o)
 .debug_frame   0x0000000000002da4       0x20 /home/ubuntu/tools/gcc-arm-none-eabi-10-2020-q4-major/bin/../lib/gcc/arm-none-eabi/10.2.1/../../../../arm-none-eabi/lib/thumb/v7-m/nofp/libnosys.a(lseek.o)
 .debug_frame   0x0000000000002dc4       0x20 /home/ubuntu/tools/gcc-arm-none-eabi-10-2020-q4-major/bin/../lib/gcc/arm-none-eabi/10.2.1/../../../../arm-none-eabi/lib/thumb/v7-m/nofp/libnosys.a(read.o)
 .debug_frame   0x0000000000002de4       0x20 /home/ubuntu/tools/gcc-arm-none-eabi-10-2020-q4-major/bin/../lib/gcc/arm-none-eabi/10.2.1/../../../../arm-none-eabi/lib/thumb/v7-m/nofp/libnosys.a(sbrk.o)

.stab           0x0000000000000000       0x84
 .stab          0x0000000000000000       0x24 /home/ubuntu/tools/gcc-arm-none-eabi-10-2020-q4-major/bin/../lib/gcc/arm-none-eabi/10.2.1/../../../../arm-none-eabi/lib/thumb/v7-m/nofp/libnosys.a(close.o)
 .stab          0x0000000000000024       0x18 /home/ubuntu/tools/gcc-arm-none-eabi-10-2020-q4-major/bin/../lib/gcc/arm-none-eabi/10.2.1/../../../../arm-none-eabi/lib/thumb/v7-m/nofp/libnosys.a(fstat.o)
                                         0x24 (size before relaxing)
 .stab          0x000000000000003c       0x18 /home/ubuntu/tools/gcc-arm-none-eabi-10-2020-q4-major/bin/../lib/gcc/arm-none-eabi/10.2.1/../../../../arm-none-eabi/lib/thumb/v7-m/nofp/libnosys.a(isatty.o)
                                         0x24 (size before relaxing)
 .stab          0x0000000000000054       0x18 /home/ubuntu/tools/gcc-arm-none-eabi-10-2020-q4-major/bin/../lib/gcc/arm-none-eabi/10.2.1/../../../../arm-none-eabi/lib/thumb/v7-m/nofp/libnosys.a(lseek.o)
                                         0x24 (size before relaxing)
 .stab          0x000000000000006c       0x18 /home/ubuntu/tools/gcc-arm-none-eabi-10-2020-q4-major/bin/../lib/gcc/arm-none-eabi/10.2.1/../../../../arm-none-eabi/lib/thumb/v7-m/nofp/libnosys.a(read.o)
                                         0x24 (size before relaxing)

.stabstr        0x0000000000000000      0x117
 .stabstr       0x0000000000000000      0x117 /home/ubuntu/tools/gcc-arm-none-eabi-10-2020-q4-major/bin/../lib/gcc/arm-none-eabi/10.2.1/../../../../arm-none-eabi/lib/thumb/v7-m/nofp/libnosys.a(close.o)

Cross Reference Table

Symbol                                            File
ADC1_2_IRQHandler                                 build/startup_stm32f103xe.o
ADC3_IRQHandler                                   build/startup_stm32f103xe.o
AHBPrescTable                                     build/system_stm32f10x.o
BACK_COLOR                                        build/lcd.o
BusFault_Handler                                  build/stm32f10x_it.o
CAN1_RX1_IRQHandler                               build/startup_stm32f103xe.o
CAN1_SCE_IRQHandler                               build/startup_stm32f103xe.o
DMA1_Channel1_IRQHandler                          build/startup_stm32f103xe.o
DMA1_Channel2_IRQHandler                          build/startup_stm32f103xe.o
DMA1_Channel3_IRQHandler                          build/startup_stm32f103xe.o
DMA1_Channel4_IRQHandler                          build/startup_stm32f103xe.o
DMA1_Channel5_IRQHandler                          build/startup_stm32f103xe.o
DMA1_Channel6_IRQHandler                          build/startup_stm32f103xe.o
DMA1_Channel7_IRQHandler                          build/startup_stm32f103xe.o
DMA2_Channel1_IRQHandler                          build/startup_stm32f103xe.o
DMA2_Channel2_IRQHandler                          build/startup_stm32f103xe.o
DMA2_Channel3_IRQHandler                          build/startup_stm32f103xe.o
DMA2_Channel4_5_IRQHandler                        build/startup_stm32f103xe.o
DMA_ClearFlag                                     build/stm32f10x_dma.o
DMA_ClearITPendingBit                             build/stm32f10x_dma.o
DMA_Cmd                                           build/stm32f10x_dma.o
DMA_DeInit                                        build/stm32f10x_dma.o
DMA_GetCurrDataCounter                            build/stm32f10x_dma.o
DMA_GetFlagStatus                                 build/stm32f10x_dma.o
DMA_GetITStatus                                   build/stm32f10x_dma.o
DMA_ITConfig                                      build/stm32f10x_dma.o
DMA_Init                                          build/stm32f10x_dma.o
DMA_SetCurrDataCounter                            build/stm32f10x_dma.o
DMA_StructInit                                    build/stm32f10x_dma.o
DebugMon_Handler                                  build/stm32f10x_it.o
Default_Handler                                   build/startup_stm32f103xe.o
Draw_Circle                                       build/lcd.o
EXTI0_IRQHandler                                  build/exti.o
EXTI11_Init                                       build/exti.o
EXTI15_10_IRQHandler                              build/exti.o
EXTI1_IRQHandler                                  build/startup_stm32f103xe.o
EXTI2_IRQHandler                                  build/exti.o
EXTI3_IRQHandler                                  build/exti.o
EXTI3_Init                                        build/exti.o
                                                  build/key.o
EXTI4_IRQHandler                                  build/exti.o
EXTI4_Init                                        build/exti.o
                                                  build/key.o
EXTI9_5_IRQHandler                                build/startup_stm32f103xe.o
EXTIX_Init                                        build/exti.o
EXTI_ClearFlag                                    build/stm32f10x_exti.o
EXTI_ClearITPendingBit                            build/stm32f10x_exti.o
                                                  build/grey.o
                                                  build/exti.o
EXTI_DeInit                                       build/stm32f10x_exti.o
EXTI_GenerateSWInterrupt                          build/stm32f10x_exti.o
EXTI_GetFlagStatus                                build/stm32f10x_exti.o
EXTI_GetITStatus                                  build/stm32f10x_exti.o
                                                  build/exti.o
EXTI_Init                                         build/stm32f10x_exti.o
                                                  build/exti.o
EXTI_StructInit                                   build/stm32f10x_exti.o
EscCnt                                            build/stm32f10x_it.o
FLAG_BORDER                                       build/grey.o
                                                  build/move.o
FLASH_ClearFlag                                   build/stm32f10x_flash.o
FLASH_EnableWriteProtection                       build/stm32f10x_flash.o
FLASH_EraseAllBank1Pages                          build/stm32f10x_flash.o
FLASH_EraseAllPages                               build/stm32f10x_flash.o
FLASH_EraseOptionBytes                            build/stm32f10x_flash.o
FLASH_ErasePage                                   build/stm32f10x_flash.o
FLASH_GetBank1Status                              build/stm32f10x_flash.o
FLASH_GetFlagStatus                               build/stm32f10x_flash.o
FLASH_GetPrefetchBufferStatus                     build/stm32f10x_flash.o
FLASH_GetReadOutProtectionStatus                  build/stm32f10x_flash.o
FLASH_GetStatus                                   build/stm32f10x_flash.o
FLASH_GetUserOptionByte                           build/stm32f10x_flash.o
FLASH_GetWriteProtectionOptionByte                build/stm32f10x_flash.o
FLASH_HalfCycleAccessCmd                          build/stm32f10x_flash.o
FLASH_IRQHandler                                  build/startup_stm32f103xe.o
FLASH_ITConfig                                    build/stm32f10x_flash.o
FLASH_Lock                                        build/stm32f10x_flash.o
FLASH_LockBank1                                   build/stm32f10x_flash.o
FLASH_PrefetchBufferCmd                           build/stm32f10x_flash.o
FLASH_ProgramHalfWord                             build/stm32f10x_flash.o
FLASH_ProgramOptionByteData                       build/stm32f10x_flash.o
FLASH_ProgramWord                                 build/stm32f10x_flash.o
FLASH_ReadOutProtection                           build/stm32f10x_flash.o
FLASH_SetLatency                                  build/stm32f10x_flash.o
FLASH_Unlock                                      build/stm32f10x_flash.o
FLASH_UnlockBank1                                 build/stm32f10x_flash.o
FLASH_UserOptionByteConfig                        build/stm32f10x_flash.o
FLASH_WaitForLastBank1Operation                   build/stm32f10x_flash.o
FLASH_WaitForLastOperation                        build/stm32f10x_flash.o
FSMC_ClearFlag                                    build/stm32f10x_fsmc.o
FSMC_ClearITPendingBit                            build/stm32f10x_fsmc.o
FSMC_GetECC                                       build/stm32f10x_fsmc.o
FSMC_GetFlagStatus                                build/stm32f10x_fsmc.o
FSMC_GetITStatus                                  build/stm32f10x_fsmc.o
FSMC_IRQHandler                                   build/startup_stm32f103xe.o
FSMC_ITConfig                                     build/stm32f10x_fsmc.o
FSMC_NANDCmd                                      build/stm32f10x_fsmc.o
FSMC_NANDDeInit                                   build/stm32f10x_fsmc.o
FSMC_NANDECCCmd                                   build/stm32f10x_fsmc.o
FSMC_NANDInit                                     build/stm32f10x_fsmc.o
FSMC_NANDStructInit                               build/stm32f10x_fsmc.o
FSMC_NORSRAMCmd                                   build/stm32f10x_fsmc.o
                                                  build/lcd.o
FSMC_NORSRAMDeInit                                build/stm32f10x_fsmc.o
FSMC_NORSRAMInit                                  build/stm32f10x_fsmc.o
                                                  build/lcd.o
FSMC_NORSRAMStructInit                            build/stm32f10x_fsmc.o
FSMC_PCCARDCmd                                    build/stm32f10x_fsmc.o
FSMC_PCCARDDeInit                                 build/stm32f10x_fsmc.o
FSMC_PCCARDInit                                   build/stm32f10x_fsmc.o
FSMC_PCCARDStructInit                             build/stm32f10x_fsmc.o
GPIO_AFIODeInit                                   build/stm32f10x_gpio.o
GPIO_DeInit                                       build/stm32f10x_gpio.o
GPIO_ETH_MediaInterfaceConfig                     build/stm32f10x_gpio.o
GPIO_EXTILineConfig                               build/stm32f10x_gpio.o
                                                  build/exti.o
GPIO_EventOutputCmd                               build/stm32f10x_gpio.o
GPIO_EventOutputConfig                            build/stm32f10x_gpio.o
GPIO_Init                                         build/stm32f10x_gpio.o
                                                  build/timer.o
                                                  build/sccb.o
                                                  build/ov7670.o
                                                  build/led.o
                                                  build/lcd.o
                                                  build/key.o
                                                  build/uart.o
GPIO_PinLockConfig                                build/stm32f10x_gpio.o
GPIO_PinRemapConfig                               build/stm32f10x_gpio.o
                                                  build/timer.o
GPIO_ReadInputData                                build/stm32f10x_gpio.o
GPIO_ReadInputDataBit                             build/stm32f10x_gpio.o
                                                  build/key.o
GPIO_ReadOutputData                               build/stm32f10x_gpio.o
GPIO_ReadOutputDataBit                            build/stm32f10x_gpio.o
GPIO_ResetBits                                    build/stm32f10x_gpio.o
                                                  build/timer.o
                                                  build/ov7670.o
                                                  build/led.o
GPIO_SetBits                                      build/stm32f10x_gpio.o
                                                  build/sccb.o
                                                  build/ov7670.o
                                                  build/led.o
GPIO_StructInit                                   build/stm32f10x_gpio.o
GPIO_Write                                        build/stm32f10x_gpio.o
GPIO_WriteBit                                     build/stm32f10x_gpio.o
HardFault_Handler                                 build/stm32f10x_it.o
I2C1_ER_IRQHandler                                build/startup_stm32f103xe.o
I2C1_EV_IRQHandler                                build/startup_stm32f103xe.o
I2C2_ER_IRQHandler                                build/startup_stm32f103xe.o
I2C2_EV_IRQHandler                                build/startup_stm32f103xe.o
JTAG_Set                                          build/main.o
JumpToISP                                         build/exti.o
KEY0_PUSH                                         build/inout.o
                                                  build/exti.o
KEY0_init                                         build/key.o
KEY1_PUSH                                         build/inout.o
                                                  build/exti.o
KEY1_init                                         build/key.o
LCD_BGR2RGB                                       build/lcd.o
LCD_Clear                                         build/lcd.o
LCD_Color_Fill                                    build/lcd.o
LCD_DisplayOff                                    build/lcd.o
LCD_DisplayOn                                     build/lcd.o
LCD_Display_Dir                                   build/lcd.o
LCD_DrawLine                                      build/lcd.o
LCD_DrawPoint                                     build/lcd.o
LCD_DrawRectangle                                 build/lcd.o
LCD_Fast_DrawPoint                                build/lcd.o
LCD_Fill                                          build/lcd.o
LCD_Init                                          build/lcd.o
LCD_Pow                                           build/lcd.o
LCD_RD_DATA                                       build/lcd.o
LCD_ReadPoint                                     build/lcd.o
LCD_ReadReg                                       build/lcd.o
LCD_Scan_Dir                                      build/lcd.o
                                                  build/grey.o
LCD_SetCursor                                     build/lcd.o
LCD_Set_Window                                    build/lcd.o
                                                  build/grey.o
LCD_ShowChar                                      build/lcd.o
LCD_ShowNum                                       build/lcd.o
LCD_ShowString                                    build/lcd.o
LCD_ShowxNum                                      build/lcd.o
LCD_SimpleString                                  build/lcd.o
                                                  build/move.o
LCD_WR_DATA                                       build/lcd.o
LCD_WR_REG                                        build/lcd.o
LCD_WriteRAM                                      build/lcd.o
LCD_WriteRAM_Prepare                              build/lcd.o
                                                  build/grey.o
LCD_WriteReg                                      build/lcd.o
LED_Init                                          build/led.o
                                                  build/main.o
MemManage_Handler                                 build/stm32f10x_it.o
MidGreyVal                                        build/grey.o
MotorA_start                                      build/a4950.o
Motor_Forward                                     build/move.o
Motor_Leftback                                    build/move.o
Motor_Rightback                                   build/move.o
Motor_Stop                                        build/move.o
NMI_Handler                                       build/stm32f10x_it.o
NVIC_Configuration                                build/sys.o
                                                  build/main.o
NVIC_Init                                         build/misc.o
                                                  build/timer.o
                                                  build/exti.o
                                                  build/uart.o
NVIC_PriorityGroupConfig                          build/misc.o
                                                  build/sys.o
NVIC_SetVectorTable                               build/misc.o
NVIC_SystemLPConfig                               build/misc.o
OV7670_Brightness                                 build/ov7670.o
OV7670_Color_Saturation                           build/ov7670.o
OV7670_Contrast                                   build/ov7670.o
OV7670_Init                                       build/ov7670.o
OV7670_Light_Mode                                 build/ov7670.o
OV7670_Special_Effects                            build/ov7670.o
OV7670_Window_Set                                 build/ov7670.o
POINT_COLOR                                       build/lcd.o
PVD_IRQHandler                                    build/startup_stm32f103xe.o
PWR_BackupAccessCmd                               build/stm32f10x_pwr.o
PWR_ClearFlag                                     build/stm32f10x_pwr.o
PWR_DeInit                                        build/stm32f10x_pwr.o
PWR_EnterSTANDBYMode                              build/stm32f10x_pwr.o
PWR_EnterSTOPMode                                 build/stm32f10x_pwr.o
PWR_GetFlagStatus                                 build/stm32f10x_pwr.o
PWR_PVDCmd                                        build/stm32f10x_pwr.o
PWR_PVDLevelConfig                                build/stm32f10x_pwr.o
PWR_WakeUpPinCmd                                  build/stm32f10x_pwr.o
PendSV_Handler                                    build/startup_stm32f103xe.o
RCC_ADCCLKConfig                                  build/stm32f10x_rcc.o
RCC_AHBPeriphClockCmd                             build/stm32f10x_rcc.o
                                                  build/lcd.o
RCC_APB1PeriphClockCmd                            build/stm32f10x_rcc.o
                                                  build/timer.o
                                                  build/uart.o
RCC_APB1PeriphResetCmd                            build/stm32f10x_rcc.o
                                                  build/stm32f10x_usart.o
                                                  build/stm32f10x_tim.o
                                                  build/stm32f10x_pwr.o
RCC_APB2PeriphClockCmd                            build/stm32f10x_rcc.o
                                                  build/timer.o
                                                  build/sccb.o
                                                  build/ov7670.o
                                                  build/led.o
                                                  build/lcd.o
                                                  build/key.o
                                                  build/uart.o
RCC_APB2PeriphResetCmd                            build/stm32f10x_rcc.o
                                                  build/stm32f10x_usart.o
                                                  build/stm32f10x_tim.o
                                                  build/stm32f10x_gpio.o
RCC_AdjustHSICalibrationValue                     build/stm32f10x_rcc.o
RCC_BackupResetCmd                                build/stm32f10x_rcc.o
RCC_ClearFlag                                     build/stm32f10x_rcc.o
RCC_ClearITPendingBit                             build/stm32f10x_rcc.o
RCC_ClockSecuritySystemCmd                        build/stm32f10x_rcc.o
RCC_DeInit                                        build/stm32f10x_rcc.o
RCC_GetClocksFreq                                 build/stm32f10x_rcc.o
                                                  build/stm32f10x_usart.o
RCC_GetFlagStatus                                 build/stm32f10x_rcc.o
RCC_GetITStatus                                   build/stm32f10x_rcc.o
RCC_GetSYSCLKSource                               build/stm32f10x_rcc.o
RCC_HCLKConfig                                    build/stm32f10x_rcc.o
RCC_HSEConfig                                     build/stm32f10x_rcc.o
RCC_HSICmd                                        build/stm32f10x_rcc.o
RCC_IRQHandler                                    build/startup_stm32f103xe.o
RCC_ITConfig                                      build/stm32f10x_rcc.o
RCC_LSEConfig                                     build/stm32f10x_rcc.o
RCC_LSICmd                                        build/stm32f10x_rcc.o
RCC_MCOConfig                                     build/stm32f10x_rcc.o
RCC_PCLK1Config                                   build/stm32f10x_rcc.o
RCC_PCLK2Config                                   build/stm32f10x_rcc.o
RCC_PLLCmd                                        build/stm32f10x_rcc.o
RCC_PLLConfig                                     build/stm32f10x_rcc.o
RCC_RTCCLKCmd                                     build/stm32f10x_rcc.o
RCC_RTCCLKConfig                                  build/stm32f10x_rcc.o
RCC_SYSCLKConfig                                  build/stm32f10x_rcc.o
RCC_USBCLKConfig                                  build/stm32f10x_rcc.o
RCC_WaitForHSEStartUp                             build/stm32f10x_rcc.o
RTC_Alarm_IRQHandler                              build/startup_stm32f103xe.o
RTC_IRQHandler                                    build/startup_stm32f103xe.o
RUNNING                                           build/main.o
                                                  build/grey.o
Reset_Handler                                     build/startup_stm32f103xe.o
SCCB_Init                                         build/sccb.o
                                                  build/ov7670.o
SCCB_No_Ack                                       build/sccb.o
SCCB_RD_Byte                                      build/sccb.o
SCCB_RD_Reg                                       build/sccb.o
                                                  build/ov7670.o
SCCB_Start                                        build/sccb.o
SCCB_Stop                                         build/sccb.o
SCCB_WR_Byte                                      build/sccb.o
SCCB_WR_Reg                                       build/sccb.o
                                                  build/ov7670.o
SDIO_IRQHandler                                   build/startup_stm32f103xe.o
SPI1_IRQHandler                                   build/startup_stm32f103xe.o
SPI2_IRQHandler                                   build/startup_stm32f103xe.o
SPI3_IRQHandler                                   build/startup_stm32f103xe.o
SVC_Handler                                       build/startup_stm32f103xe.o
SysTick_CLKSourceConfig                           build/misc.o
                                                  build/delay.o
SysTick_Handler                                   build/startup_stm32f103xe.o
SystemCoreClock                                   build/system_stm32f10x.o
                                                  build/delay.o
SystemCoreClockUpdate                             build/system_stm32f10x.o
SystemInit                                        build/system_stm32f10x.o
                                                  build/startup_stm32f103xe.o
TAMPER_IRQHandler                                 build/startup_stm32f103xe.o
TIM1_BRK_IRQHandler                               build/startup_stm32f103xe.o
TIM1_CC_IRQHandler                                build/startup_stm32f103xe.o
TIM1_PWM_Init                                     build/timer.o
TIM1_TRG_COM_IRQHandler                           build/startup_stm32f103xe.o
TIM1_UP_IRQHandler                                build/startup_stm32f103xe.o